###############################################################################
#
# IAR ELF Linker V8.40.2.214/W32 for ARM                  20/Apr/2021  18:22:16
# Copyright 2007-2019 IAR Systems AB.
#
#    Output file  =
#        C:\Users\Николаос\Documents\MyIARprojects\KursovoiK_\RtosWrapper\Debug\Exe\iarproject.out
#    Map file     =
#        C:\Users\Николаос\Documents\MyIARprojects\KursovoiK_\RtosWrapper\Debug\List\iarproject.map
#    Command line =
#        -f C:\Users\D13C~1\AppData\Local\Temp\EW96D5.tmp
#        (C:\Users\Николаос\Documents\MyIARprojects\KursovoiK_\RtosWrapper\Debug\Obj\croutine.o
#        C:\Users\Николаос\Documents\MyIARprojects\KursovoiK_\RtosWrapper\Debug\Obj\event_groups.o
#        C:\Users\Николаос\Documents\MyIARprojects\KursovoiK_\RtosWrapper\Debug\Obj\irqcontroller.o
#        C:\Users\Николаос\Documents\MyIARprojects\KursovoiK_\RtosWrapper\Debug\Obj\list.o
#        C:\Users\Николаос\Documents\MyIARprojects\KursovoiK_\RtosWrapper\Debug\Obj\main.o
#        C:\Users\Николаос\Documents\MyIARprojects\KursovoiK_\RtosWrapper\Debug\Obj\port.o
#        C:\Users\Николаос\Documents\MyIARprojects\KursovoiK_\RtosWrapper\Debug\Obj\portasm.o
#        C:\Users\Николаос\Documents\MyIARprojects\KursovoiK_\RtosWrapper\Debug\Obj\queue.o
#        C:\Users\Николаос\Documents\MyIARprojects\KursovoiK_\RtosWrapper\Debug\Obj\startupF411RE.o
#        C:\Users\Николаос\Documents\MyIARprojects\KursovoiK_\RtosWrapper\Debug\Obj\tasks.o
#        C:\Users\Николаос\Documents\MyIARprojects\KursovoiK_\RtosWrapper\Debug\Obj\timers.o
#        --no_out_extension -o
#        C:\Users\Николаос\Documents\MyIARprojects\KursovoiK_\RtosWrapper\Debug\Exe\iarproject.out
#        --map
#        C:\Users\Николаос\Documents\MyIARprojects\KursovoiK_\RtosWrapper\Debug\List\iarproject.map
#        --log
#        libraries,initialization,modules,redirects,sections,veneers,unused_fragments,call_graph
#        --log_file
#        C:\Users\Николаос\Documents\MyIARprojects\KursovoiK_\RtosWrapper\Debug\List\iarproject.log
#        --config
#        C:\Users\Николаос\Documents\MyIARprojects\KursovoiK_\RtosWrapper\stm32f411xE.icf
#        --semihosting --entry __iar_program_start --vfe --text_out locale)
#
###############################################################################

*******************************************************************************
*** RUNTIME MODEL ATTRIBUTES
***

CppFlavor                     = *
__CPP_Exceptions              = Disabled
__CPP_Language                = C++14
__Heap_Handler                = DLMalloc
__SystemLibrary               = DLib
__dlib_dynamic_initialization = normal
__dlib_version                = 6


*******************************************************************************
*** HEAP SELECTION
***

The advanced heap was selected because the application calls memory
allocation functions outside of system library functions, and there
are calls to deallocation functions in the application.


*******************************************************************************
*** PLACEMENT SUMMARY
***

"A0":  place at address 0x800'0000 { ro section .intvec };
"P1":  place in [from 0x800'0000 to 0x807'ffff] { ro };
define block CSTACK with size = 4K, alignment = 8 { };
define block HEAP with size = 0, alignment = 8 { };
"P2":  place in [from 0x2000'0000 to 0x2001'ffff] {
          rw, block CSTACK, block HEAP };
initialize by copy { rw };

  Section                Kind         Address    Size  Object
  -------                ----         -------    ----  ------
"A0":                                           0x198
  .intvec                const     0x800'0000   0x198  startupF411RE.o [1]
                                 - 0x800'0198   0x198

"P1":                                          0x7abf
  .text                  ro code   0x800'0198  0x149c  dlmalloc.o [2]
  .text                  ro code   0x800'1634     0x6  abort.o [2]
  .text                  ro code   0x800'163a    0x3a  zero_init3.o [5]
  .text                  ro code   0x800'1674    0x2c  xgetmemchunk.o [2]
  .text                  ro code   0x800'16a0    0x14  exit.o [6]
  .text                  ro code   0x800'16b4   0xdaa  xprintflarge_nomb.o [2]
  .text                  ro code   0x800'245e     0xa  main.o [1]
  .text                  ro code   0x800'2468    0x16  strchr.o [5]
  .text                  ro code   0x800'247e     0xa  xsprout.o [2]
  .text                  ro code   0x800'2488    0x40  xfail_s.o [2]
  .text                  ro code   0x800'24c8    0x36  strlen.o [5]
  .rodata                const     0x800'24fe     0x2  main.o [1]
  .text                  ro code   0x800'2500    0x58  memchr.o [5]
  .text                  ro code   0x800'2558    0xa6  ABImemcpy.o [5]
  .rodata                const     0x800'25fe     0x2  main.o [1]
  .text                  ro code   0x800'2600    0x70  frexp.o [4]
  .text                  ro code   0x800'2670   0x246  DblDiv.o [4]
  .rodata                const     0x800'28b6     0x2  main.o [1]
  .text                  ro code   0x800'28b8    0x28  DblToU32.o [4]
  .text                  ro code   0x800'28e0    0x1a  U32ToDbl.o [4]
  .rodata                const     0x800'28fa     0x2  main.o [1]
  .text                  ro code   0x800'28fc    0xe2  DblSub.o [4]
  .text                  ro code   0x800'29de     0x2  irqcontroller.o [1]
  .text                  ro code   0x800'29e0   0x1a2  DblMul.o [4]
  .rodata                const     0x800'2b82     0x1  main.o [1]
  .rodata                const     0x800'2b83     0x1  unwind_debug.o [6]
  .text                  ro code   0x800'2b84   0x274  I64DivMod.o [5]
  .text                  ro code   0x800'2df8   0x17a  DblAdd.o [4]
  .text                  ro code   0x800'2f74     0x2  I64DivZer.o [5]
  .text                  ro code   0x800'2f78   0x96c  tasks.o [1]
  .text                  ro code   0x800'38e4    0x9a  list.o [1]
  .text                  ro code   0x800'3980   0x188  port.o [1]
  .text                  ro code   0x800'3b08   0x414  timers.o [1]
  CODE                   ro code   0x800'3f1c    0xa8  portasm.o [1]
  .text                  ro code   0x800'3fc4   0x688  queue.o [1]
  .text                  ro code   0x800'464c   0x34c  main.o [1]
  .text                  ro code   0x800'4998    0x2c  startupF411RE.o [1]
  .text                  ro code   0x800'49c4    0x2c  main.o [1]
  .text                  ro code   0x800'49f0    0x24  main.o [1]
  .text                  ro code   0x800'4a14    0x3c  main.o [1]
  .text                  ro code   0x800'4a50     0xa  cxxabi.o [3]
  .text                  ro code   0x800'4a5a    0x12  main.o [1]
  .text                  ro code   0x800'4a6c    0x30  main.o [1]
  .text                  ro code   0x800'4a9c    0x14  main.o [1]
  .text                  ro code   0x800'4ab0    0x2c  main.o [1]
  .text                  ro code   0x800'4adc    0x1c  main.o [1]
  .text                  ro code   0x800'4af8    0x28  main.o [1]
  .text                  ro code   0x800'4b20    0x30  main.o [1]
  .text                  ro code   0x800'4b50    0x14  main.o [1]
  .text                  ro code   0x800'4b64    0x18  main.o [1]
  .text                  ro code   0x800'4b7c    0x10  main.o [1]
  .text                  ro code   0x800'4b8c    0x18  main.o [1]
  .text                  ro code   0x800'4ba4    0x14  main.o [1]
  .text                  ro code   0x800'4bb8    0x14  main.o [1]
  .text                  ro code   0x800'4bcc    0x14  main.o [1]
  .text                  ro code   0x800'4be0    0x14  main.o [1]
  .text                  ro code   0x800'4bf4    0x14  main.o [1]
  .text                  ro code   0x800'4c08    0x14  main.o [1]
  .text                  ro code   0x800'4c1c    0x10  main.o [1]
  .text                  ro code   0x800'4c2c    0x14  main.o [1]
  .text                  ro code   0x800'4c40    0x10  main.o [1]
  .text                  ro code   0x800'4c50    0x10  main.o [1]
  .text                  ro code   0x800'4c60    0x10  main.o [1]
  .text                  ro code   0x800'4c70    0x10  main.o [1]
  .text                  ro code   0x800'4c80    0x14  main.o [1]
  .text                  ro code   0x800'4c94     0xc  main.o [1]
  .text                  ro code   0x800'4ca0    0x14  main.o [1]
  .text                  ro code   0x800'4cb4    0x10  main.o [1]
  .text                  ro code   0x800'4cc4    0x34  main.o [1]
  .text                  ro code   0x800'4cf8    0x14  main.o [1]
  .text                  ro code   0x800'4d0c    0x14  main.o [1]
  .text                  ro code   0x800'4d20    0x10  main.o [1]
  .text                  ro code   0x800'4d30    0x10  main.o [1]
  .text                  ro code   0x800'4d40    0x10  main.o [1]
  .text                  ro code   0x800'4d50    0x14  main.o [1]
  .text                  ro code   0x800'4d64    0x14  main.o [1]
  .text                  ro code   0x800'4d78    0x10  main.o [1]
  .text                  ro code   0x800'4d88    0x14  main.o [1]
  .text                  ro code   0x800'4d9c    0x14  main.o [1]
  .text                  ro code   0x800'4db0    0x14  main.o [1]
  .text                  ro code   0x800'4dc4    0x14  main.o [1]
  .text                  ro code   0x800'4dd8    0x1c  main.o [1]
  .text                  ro code   0x800'4df4    0x1c  main.o [1]
  .text                  ro code   0x800'4e10    0x14  main.o [1]
  .text                  ro code   0x800'4e24     0xc  main.o [1]
  .text                  ro code   0x800'4e30    0x14  main.o [1]
  .text                  ro code   0x800'4e44    0x14  main.o [1]
  .text                  ro code   0x800'4e58    0x10  main.o [1]
  .text                  ro code   0x800'4e68    0x14  main.o [1]
  .text                  ro code   0x800'4e7c    0x10  main.o [1]
  .text                  ro code   0x800'4e8c    0x10  main.o [1]
  .text                  ro code   0x800'4e9c    0x10  main.o [1]
  .text                  ro code   0x800'4eac    0x10  main.o [1]
  .text                  ro code   0x800'4ebc    0x14  main.o [1]
  .text                  ro code   0x800'4ed0    0x14  main.o [1]
  .text                  ro code   0x800'4ee4    0x14  main.o [1]
  .text                  ro code   0x800'4ef8    0x14  main.o [1]
  .text                  ro code   0x800'4f0c    0x18  main.o [1]
  .text                  ro code   0x800'4f24    0x14  main.o [1]
  .text                  ro code   0x800'4f38     0xc  main.o [1]
  .text                  ro code   0x800'4f44    0x14  main.o [1]
  .text                  ro code   0x800'4f58    0x14  main.o [1]
  .text                  ro code   0x800'4f6c    0x10  main.o [1]
  .text                  ro code   0x800'4f7c     0xc  main.o [1]
  .text                  ro code   0x800'4f88     0xc  main.o [1]
  .text                  ro code   0x800'4f94    0x14  main.o [1]
  .text                  ro code   0x800'4fa8    0x14  main.o [1]
  .text                  ro code   0x800'4fbc    0x14  main.o [1]
  .text                  ro code   0x800'4fd0    0x68  main.o [1]
  .text                  ro code   0x800'5038    0x1a  main.o [1]
  .text                  ro code   0x800'5052    0xd2  main.o [1]
  .text                  ro code   0x800'5124    0x98  main.o [1]
  .text                  ro code   0x800'51bc    0x22  main.o [1]
  .text                  ro code   0x800'51de    0x24  main.o [1]
  .text                  ro code   0x800'5202    0x22  main.o [1]
  .text                  ro code   0x800'5224     0x8  main.o [1]
  .text                  ro code   0x800'522c     0xa  main.o [1]
  .text                  ro code   0x800'5236     0xc  main.o [1]
  .text                  ro code   0x800'5242    0x84  main.o [1]
  .text                  ro code   0x800'52c6    0x18  main.o [1]
  .text                  ro code   0x800'52de    0x3a  main.o [1]
  .text                  ro code   0x800'5318    0x16  main.o [1]
  .text                  ro code   0x800'5330    0xa0  cppinit.o [2]
  .text                  ro code   0x800'53d0     0xc  main.o [1]
  .text                  ro code   0x800'53dc     0xc  main.o [1]
  .text                  ro code   0x800'53e8     0xc  main.o [1]
  .text                  ro code   0x800'53f4    0x20  main.o [1]
  .text                  ro code   0x800'5414     0x4  main.o [1]
  .text                  ro code   0x800'5418     0xc  main.o [1]
  .text                  ro code   0x800'5424     0xc  main.o [1]
  .text                  ro code   0x800'5430     0xc  main.o [1]
  .text                  ro code   0x800'543c     0xc  main.o [1]
  .text                  ro code   0x800'5448    0x24  ABIassert.o [6]
  .text                  ro code   0x800'546c    0x10  main.o [1]
  .text                  ro code   0x800'547c     0xc  main.o [1]
  .text                  ro code   0x800'5488    0x10  main.o [1]
  .text                  ro code   0x800'5498     0xc  main.o [1]
  .text                  ro code   0x800'54a4    0x4c  main.o [1]
  .text                  ro code   0x800'54f0    0x40  main.o [1]
  .text                  ro code   0x800'5530    0x3c  main.o [1]
  .text                  ro code   0x800'556c    0x68  main.o [1]
  .text                  ro code   0x800'55d4    0x3c  main.o [1]
  .text                  ro code   0x800'5610    0x3c  main.o [1]
  .text                  ro code   0x800'564c    0x2a  main.o [1]
  .text                  ro code   0x800'5678    0x30  main.o [1]
  .text                  ro code   0x800'56a8    0x1e  main.o [1]
  .text                  ro code   0x800'56c6     0x2  main.o [1]
  .text                  ro code   0x800'56c8    0x38  main.o [1]
  .text                  ro code   0x800'5700     0x2  main.o [1]
  .text                  ro code   0x800'5704    0x38  main.o [1]
  .text                  ro code   0x800'573c    0x38  main.o [1]
  .text                  ro code   0x800'5774     0x8  main.o [1]
  .text                  ro code   0x800'577c     0xc  main.o [1]
  .text                  ro code   0x800'5788    0x1c  main.o [1]
  .text                  ro code   0x800'57a4     0xe  main.o [1]
  .text                  ro code   0x800'57b2     0xc  main.o [1]
  .text                  ro code   0x800'57be     0xc  main.o [1]
  .text                  ro code   0x800'57ca    0x10  main.o [1]
  .text                  ro code   0x800'57da     0xc  main.o [1]
  .text                  ro code   0x800'57e6    0x28  main.o [1]
  .text                  ro code   0x800'580e    0x14  main.o [1]
  .text                  ro code   0x800'5822    0x28  main.o [1]
  .text                  ro code   0x800'584a    0x16  main.o [1]
  .text                  ro code   0x800'5860    0x52  main.o [1]
  .text                  ro code   0x800'58b2     0xc  main.o [1]
  .text                  ro code   0x800'58be    0x18  main.o [1]
  .text                  ro code   0x800'58d6    0x7a  main.o [1]
  .text                  ro code   0x800'5950    0x5c  main.o [1]
  .text                  ro code   0x800'59ac     0xc  main.o [1]
  .text                  ro code   0x800'59b8     0x6  main.o [1]
  .text                  ro code   0x800'59be     0x6  main.o [1]
  .text                  ro code   0x800'59c4   0x210  event_groups.o [1]
  .text                  ro code   0x800'5bd4     0xe  main.o [1]
  .text                  ro code   0x800'5be2    0x10  main.o [1]
  .text                  ro code   0x800'5bf2     0xc  main.o [1]
  .text                  ro code   0x800'5bfe     0xe  main.o [1]
  .text                  ro code   0x800'5c0c     0x8  main.o [1]
  .text                  ro code   0x800'5c14     0x8  main.o [1]
  .text                  ro code   0x800'5c1c    0x2a  main.o [1]
  .text                  ro code   0x800'5c46     0x8  main.o [1]
  .text                  ro code   0x800'5c4e     0x8  main.o [1]
  .text                  ro code   0x800'5c56    0x2a  main.o [1]
  .text                  ro code   0x800'5c80     0x6  main.o [1]
  .text                  ro code   0x800'5c86     0xa  main.o [1]
  .text                  ro code   0x800'5c90    0x40  main.o [1]
  .text                  ro code   0x800'5cd0     0x6  main.o [1]
  .text                  ro code   0x800'5cd6     0xa  main.o [1]
  .text                  ro code   0x800'5ce0    0x3c  main.o [1]
  .text                  ro code   0x800'5d1c    0x2a  main.o [1]
  .text                  ro code   0x800'5d46    0x66  main.o [1]
  .text                  ro code   0x800'5dac     0xc  main.o [1]
  .text                  ro code   0x800'5db8     0xa  main.o [1]
  .text                  ro code   0x800'5dc2     0xa  main.o [1]
  .text                  ro code   0x800'5dcc     0x6  main.o [1]
  .text                  ro code   0x800'5dd2    0x40  main.o [1]
  .text                  ro code   0x800'5e12     0x6  main.o [1]
  .text                  ro code   0x800'5e18     0xa  main.o [1]
  .text                  ro code   0x800'5e22     0xa  main.o [1]
  .text                  ro code   0x800'5e2c     0xa  main.o [1]
  .text                  ro code   0x800'5e36    0x1e  main.o [1]
  .text                  ro code   0x800'5e54     0xc  main.o [1]
  .text                  ro code   0x800'5e60     0x2  main.o [1]
  .text                  ro code   0x800'5e62    0x10  main.o [1]
  .text                  ro code   0x800'5e72     0x2  main.o [1]
  .text                  ro code   0x800'5e74    0x12  main.o [1]
  .text                  ro code   0x800'5e86    0x10  main.o [1]
  .text                  ro code   0x800'5e96     0xe  main.o [1]
  .text                  ro code   0x800'5ea4     0x6  main.o [1]
  .text                  ro code   0x800'5eaa    0x32  main.o [1]
  .text                  ro code   0x800'5edc    0x7c  main.o [1]
  .text                  ro code   0x800'5f58     0x2  main.o [1]
  .text                  ro code   0x800'5f5a     0x2  main.o [1]
  .text                  ro code   0x800'5f5c     0x2  main.o [1]
  .text                  ro code   0x800'5f5e     0xe  main.o [1]
  .text                  ro code   0x800'5f6c    0x22  main.o [1]
  .text                  ro code   0x800'5f8e    0x6a  main.o [1]
  .text                  ro code   0x800'5ff8    0x10  main.o [1]
  .text                  ro code   0x800'6008    0x28  main.o [1]
  .text                  ro code   0x800'6030     0xc  main.o [1]
  .text                  ro code   0x800'603c    0x10  main.o [1]
  .text                  ro code   0x800'604c     0xc  main.o [1]
  .text                  ro code   0x800'6058     0xc  main.o [1]
  .text                  ro code   0x800'6064    0x10  main.o [1]
  .text                  ro code   0x800'6074    0x14  main.o [1]
  .text                  ro code   0x800'6088     0xc  main.o [1]
  .text                  ro code   0x800'6094     0xc  main.o [1]
  .text                  ro code   0x800'60a0     0xa  main.o [1]
  .text                  ro code   0x800'60aa     0x4  startupF411RE.o [1]
  .text                  ro code   0x800'60ae     0x8  main.o [1]
  .text                  ro code   0x800'60b6     0x8  main.o [1]
  .text                  ro code   0x800'60be     0x2  main.o [1]
  .text                  ro code   0x800'60c0    0x12  main.o [1]
  .text                  ro code   0x800'60d2     0x6  main.o [1]
  .text                  ro code   0x800'60d8     0xc  main.o [1]
  .text                  ro code   0x800'60e4     0xc  main.o [1]
  .text                  ro code   0x800'60f0     0xc  main.o [1]
  .text                  ro code   0x800'60fc     0x8  main.o [1]
  .text                  ro code   0x800'6104     0x8  main.o [1]
  .text                  ro code   0x800'610c    0x10  main.o [1]
  .text                  ro code   0x800'611c     0x2  main.o [1]
  .text                  ro code   0x800'611e     0xc  main.o [1]
  .text                  ro code   0x800'612a     0xa  main.o [1]
  .text                  ro code   0x800'6134     0x2  main.o [1]
  .text                  ro code   0x800'6136     0x2  main.o [1]
  .text                  ro code   0x800'6138     0xe  main.o [1]
  .text                  ro code   0x800'6146    0x16  main.o [1]
  .text                  ro code   0x800'615c    0x1c  main.o [1]
  .text                  ro code   0x800'6178    0xdc  main.o [1]
  .text                  ro code   0x800'6254     0xe  main.o [1]
  .text                  ro code   0x800'6262    0x28  main.o [1]
  .text                  ro code   0x800'628a     0xc  main.o [1]
  .text                  ro code   0x800'6296    0x16  main.o [1]
  .text                  ro code   0x800'62ac     0xa  main.o [1]
  .text                  ro code   0x800'62b6     0xc  main.o [1]
  .text                  ro code   0x800'62c4    0x14  main.o [1]
  .text                  ro code   0x800'62d8    0x14  main.o [1]
  .text                  ro code   0x800'62ec    0x26  main.o [1]
  .text                  ro code   0x800'6314    0x14  main.o [1]
  .text                  ro code   0x800'6328    0x14  main.o [1]
  .text                  ro code   0x800'633c     0xc  main.o [1]
  .text                  ro code   0x800'6348     0xa  delop_0.o [3]
  .text                  ro code   0x800'6352     0xc  main.o [1]
  .text                  ro code   0x800'635e    0x10  main.o [1]
  .text                  ro code   0x800'636e     0x2  main.o [1]
  .text                  ro code   0x800'6370    0x1a  main.o [1]
  .text                  ro code   0x800'638c    0x96  ABImemmove.o [5]
  .text                  ro code   0x800'6422     0x2  main.o [1]
  .text                  ro code   0x800'6424    0x66  ABImemset.o [5]
  .text                  ro code   0x800'648a     0x4  heaptramp0.o [2]
  .text                  ro code   0x800'648e     0xc  main.o [1]
  .text                  ro code   0x800'649a    0x12  main.o [1]
  .text                  ro code   0x800'64ac     0x2  main.o [1]
  .text                  ro code   0x800'64ae    0x1a  main.o [1]
  .text                  ro code   0x800'64c8     0x8  main.o [1]
  .text                  ro code   0x800'64d0    0x1a  main.o [1]
  .text                  ro code   0x800'64ea    0x26  main.o [1]
  .text                  ro code   0x800'6510    0x24  newop_0.o [3]
  .text                  ro code   0x800'6534     0x4  main.o [1]
  .text                  ro code   0x800'6538     0x4  nomemory.o [3]
  .text                  ro code   0x800'653c   0x1f0  main.o [1]
  .text                  ro code   0x800'672c    0x58  S64ToFlt.o [4]
  .text                  ro code   0x800'6784    0xc0  main.o [1]
  .text                  ro code   0x800'6844    0xc0  logf.o [4]
  .text                  ro code   0x800'6904    0xbc  main.o [1]
  .text                  ro code   0x800'69c0    0x80  main.o [1]
  .text                  ro code   0x800'6a40     0xc  main.o [1]
  .text                  ro code   0x800'6a4c    0x40  sprintf.o [2]
  .text                  ro code   0x800'6a8c    0x28  strncat.o [2]
  .text                  ro code   0x800'6ab4    0x58  main.o [1]
  .text                  ro code   0x800'6b0c     0x8  main.o [1]
  .text                  ro code   0x800'6b14    0x1a  main.o [1]
  .text                  ro code   0x800'6b2e    0x1a  main.o [1]
  .text                  ro code   0x800'6b48    0x10  main.o [1]
  .text                  ro code   0x800'6b58     0x8  main.o [1]
  .text                  ro code   0x800'6b60     0x2  main.o [1]
  .text                  ro code   0x800'6b62     0x8  main.o [1]
  .text                  ro code   0x800'6b6a     0x8  main.o [1]
  .text                  ro code   0x800'6b72     0x4  startupF411RE.o [1]
  .text                  ro code   0x800'6b76     0xe  startupF411RE.o [1]
  .text                  ro code   0x800'6b84     0xa  main.o [1]
  .text                  ro code   0x800'6b8e     0xc  main.o [1]
  .text                  ro code   0x800'6b9c    0x14  main.o [1]
  .text                  ro code   0x800'6bb0    0x14  main.o [1]
  .text                  ro code   0x800'6bc4     0xc  startupF411RE.o [1]
  .text                  ro code   0x800'6bd0     0xe  main.o [1]
  .text                  ro code   0x800'6be0    0x10  main.o [1]
  .rodata                const     0x800'6bf0    0x9c  main.o [1]
  .text                  ro code   0x800'6c8c    0x9c  main.o [1]
  .text                  ro code   0x800'6d28     0xa  main.o [1]
  .text                  ro code   0x800'6d34    0x7c  main.o [1]
  .text                  ro code   0x800'6db0    0x7a  startupF411RE.o [1]
  .text                  ro code   0x800'6e2a     0xe  startupF411RE.o [1]
  .text                  ro code   0x800'6e38     0x8  startupF411RE.o [1]
  .text                  ro code   0x800'6e40     0x8  startupF411RE.o [1]
  .text                  ro code   0x800'6e48     0xc  startupF411RE.o [1]
  .text                  ro code   0x800'6e54    0x10  startupF411RE.o [1]
  .text                  ro code   0x800'6e64    0x18  startupF411RE.o [1]
  .text                  ro code   0x800'6e7c    0x7a  startupF411RE.o [1]
  .text                  ro code   0x800'6ef6     0xe  startupF411RE.o [1]
  .text                  ro code   0x800'6f04     0x8  startupF411RE.o [1]
  .text                  ro code   0x800'6f0c     0x8  startupF411RE.o [1]
  .text                  ro code   0x800'6f14     0xc  startupF411RE.o [1]
  .text                  ro code   0x800'6f20    0x10  startupF411RE.o [1]
  .text                  ro code   0x800'6f30    0x18  startupF411RE.o [1]
  .rodata                const     0x800'6f48    0x74  main.o [1]
  .rodata                const     0x800'6fbc    0x70  main.o [1]
  .rodata                const     0x800'702c    0x70  main.o [1]
  .rodata                const     0x800'709c    0x70  main.o [1]
  .rodata                const     0x800'710c    0x70  main.o [1]
  .text                  ro code   0x800'717c    0x70  main.o [1]
  .text                  ro code   0x800'71ec    0x68  DblToFlt.o [4]
  .text                  ro code   0x800'7254    0x66  startupF411RE.o [1]
  .text                  ro code   0x800'72ba     0xa  startupF411RE.o [1]
  .text                  ro code   0x800'72c4     0xc  startupF411RE.o [1]
  .text                  ro code   0x800'72d0    0x5c  startupF411RE.o [1]
  .text                  ro code   0x800'732c     0xa  startupF411RE.o [1]
  .text                  ro code   0x800'7336     0x8  startupF411RE.o [1]
  .text                  ro code   0x800'7340     0xc  startupF411RE.o [1]
  .text                  ro code   0x800'734c    0x10  startupF411RE.o [1]
  .text                  ro code   0x800'735c    0x5c  startupF411RE.o [1]
  .text                  ro code   0x800'73b8     0xa  startupF411RE.o [1]
  .text                  ro code   0x800'73c2     0x8  startupF411RE.o [1]
  .text                  ro code   0x800'73cc     0xc  startupF411RE.o [1]
  .text                  ro code   0x800'73d8    0x10  startupF411RE.o [1]
  .text                  ro code   0x800'73e8    0x54  startupF411RE.o [1]
  .text                  ro code   0x800'743c     0x8  startupF411RE.o [1]
  .text                  ro code   0x800'7444     0x8  startupF411RE.o [1]
  .text                  ro code   0x800'744c    0x10  startupF411RE.o [1]
  .text                  ro code   0x800'745c    0x10  startupF411RE.o [1]
  .text                  ro code   0x800'746c    0x50  main.o [1]
  .text                  ro code   0x800'74bc    0x4e  main.o [1]
  .text                  ro code   0x800'750c    0x48  FltToDbl.o [4]
  .rodata                const     0x800'7554    0x48  main.o [1]
  .rodata                const     0x800'759c    0x44  logf.o [4]
  .rodata                const     0x800'75e0    0x40  main.o [1]
  .text                  ro code   0x800'7620    0x3c  main.o [1]
  .text                  ro code   0x800'765c    0x38  main.o [1]
  .text                  ro code   0x800'7694     0x8  main.o [1]
  .text                  ro code   0x800'769c    0x16  main.o [1]
  .text                  ro code   0x800'76b2     0xa  main.o [1]
  .text                  ro code   0x800'76bc    0x2a  main.o [1]
  .text                  ro code   0x800'76e6     0xe  main.o [1]
  .text                  ro code   0x800'76f4    0x10  main.o [1]
  .text                  ro code   0x800'7704    0x38  packbits_init_single.o [5]
  .text                  ro code   0x800'773c    0x34  startupF411RE.o [1]
  .text                  ro code   0x800'7770    0x10  startupF411RE.o [1]
  .text                  ro code   0x800'7780    0x10  startupF411RE.o [1]
  .text                  ro code   0x800'7790    0x10  startupF411RE.o [1]
  .text                  ro code   0x800'77a0    0x10  startupF411RE.o [1]
  .text                  ro code   0x800'77b0    0x34  startupF411RE.o [1]
  .text                  ro code   0x800'77e4    0x10  startupF411RE.o [1]
  .text                  ro code   0x800'77f4    0x10  startupF411RE.o [1]
  .text                  ro code   0x800'7804    0x10  startupF411RE.o [1]
  .text                  ro code   0x800'7814    0x10  startupF411RE.o [1]
  .text                  ro code   0x800'7824    0x32  startupF411RE.o [1]
  .text                  ro code   0x800'7858    0x22  fpinit_M.o [4]
  .text                  ro code   0x800'787c    0x1e  cmain.o [5]
  .text                  ro code   0x800'789c    0x28  data_init.o [5]
  .text                  ro code   0x800'78c4     0x4  exit.o [2]
  .text                  ro code   0x800'78c8     0xe  cexit.o [5]
  .rodata                const     0x800'78d8    0x30  main.o [1]
  .rodata                const     0x800'7908    0x30  main.o [1]
  .text                  ro code   0x800'7938    0x30  main.o [1]
  .text                  ro code   0x800'7968    0x2c  startupF411RE.o [1]
  .text                  ro code   0x800'7994    0x10  startupF411RE.o [1]
  .text                  ro code   0x800'79a4    0x10  startupF411RE.o [1]
  .text                  ro code   0x800'79b4    0x10  startupF411RE.o [1]
  .text                  ro code   0x800'79c4    0x28  main.o [1]
  .text                  ro code   0x800'79ec    0x1a  main.o [1]
  .text                  ro code   0x800'7a06     0xe  main.o [1]
  .text                  ro code   0x800'7a14     0xa  main.o [1]
  .text                  ro code   0x800'7a1e    0x10  main.o [1]
  .text                  ro code   0x800'7a30     0xc  main.o [1]
  .iar.init_table        const     0x800'7a3c    0x24  - Linker created -
  .text                  ro code   0x800'7a60    0x20  cmain_call_ctors.o [5]
  .text                  ro code   0x800'7a80    0x18  main.o [1]
  .rodata                const     0x800'7a98    0x14  main.o [1]
  .text                  ro code   0x800'7aac    0x14  main.o [1]
  .text                  ro code   0x800'7ac0     0x8  main.o [1]
  .rodata                const     0x800'7ac8    0x10  main.o [1]
  .rodata                const     0x800'7ad8    0x10  main.o [1]
  .rodata                const     0x800'7ae8    0x10  main.o [1]
  .rodata                const     0x800'7af8    0x10  main.o [1]
  .rodata                const     0x800'7b08    0x10  main.o [1]
  .text                  ro code   0x800'7b18     0xe  main.o [1]
  .text                  ro code   0x800'7b26     0xc  main.o [1]
  .text                  ro code   0x800'7b32     0xe  main.o [1]
  .text                  ro code   0x800'7b40     0xc  main.o [1]
  .rodata                const     0x800'7b4c     0xc  main.o [1]
  .rodata                const     0x800'7b58     0xc  main.o [1]
  .rodata                const     0x800'7b64     0xc  main.o [1]
  .rodata                const     0x800'7b70     0xc  main.o [1]
  .rodata                const     0x800'7b7c     0xc  main.o [1]
  .rodata                const     0x800'7b88     0xc  main.o [1]
  .rodata                const     0x800'7b94     0xc  main.o [1]
  .text                  ro code   0x800'7ba0     0xc  main.o [1]
  .rodata                const     0x800'7bb0     0x8  main.o [1]
  .rodata                const     0x800'7bb8     0x8  main.o [1]
  .rodata                const     0x800'7bc0     0x8  main.o [1]
  .rodata                const     0x800'7bc8     0x8  main.o [1]
  .rodata                const     0x800'7bd0     0x8  tasks.o [1]
  .rodata                const     0x800'7bd8     0x8  timers.o [1]
  .rodata                const     0x800'7be0     0x8  timers.o [1]
  .text                  ro code   0x800'7be8     0x8  startupF411RE.o [1]
  .text                  ro code   0x800'7bf0     0x8  startupF411RE.o [1]
  .text                  ro code   0x800'7bf8     0x8  startupF411RE.o [1]
  .text                  ro code   0x800'7c00     0x8  startupF411RE.o [1]
  SHT$$PREINIT_ARRAY               0x800'7c08     0x0  <Block>
  SHT$$INIT_ARRAY                  0x800'7c08     0x8  <Block>
    .init_array          const     0x800'7c08     0x4  main.o [1]
    .init_array          const     0x800'7c0c     0x4  startupF411RE.o [1]
  __iar_tls$$INIT_ARRAY            0x800'7c10     0x0  <Block>
  .rodata                const     0x800'7c10     0x4  main.o [1]
  .rodata                const     0x800'7c14     0x4  port.o [1]
  .text                  ro code   0x800'7c18     0x0  cstart_call_dtors.o [5]
  .rodata                const     0x800'7c18     0x0  zero_init3.o [5]
  .rodata                const     0x800'7c18     0x0  packbits_init_single.o [5]
  Initializer bytes      const     0x800'7c18    0x3f  <for P2-1>
                                 - 0x800'7c57  0x7abf

"P2", part 1 of 3:                              0x36a
  P2-1                            0x2000'0000   0x36a  <Init block>
    .data                inited   0x2000'0000     0x4  main.o [1]
    .data                inited   0x2000'0004    0x10  main.o [1]
    .data                inited   0x2000'0014     0x4  main.o [1]
    .data                inited   0x2000'0018     0x4  main.o [1]
    .data                inited   0x2000'001c     0x4  port.o [1]
    .data                inited   0x2000'0020   0x1a4  startupF411RE.o [1]
    .data                inited   0x2000'01c4   0x1a4  startupF411RE.o [1]
    .data                inited   0x2000'0368     0x1  startupF411RE.o [1]
    .data                inited   0x2000'0369     0x1  startupF411RE.o [1]
                                - 0x2000'036a   0x36a

"P2", part 2 of 3:                             0x1fc0
  .bss                   zero     0x2000'036c   0x814  startupF411RE.o [1]
  .bss                   zero     0x2000'0b80    0x64  tasks.o [1]
  .bss                   zero     0x2000'0be8   0x6a8  main.o [1]
  .bss                   zero     0x2000'1290   0x400  tasks.o [1]
  .bss                   zero     0x2000'1690   0x268  main.o [1]
  .bss                   zero     0x2000'18f8   0x25c  main.o [1]
  .bss                   zero     0x2000'1b54   0x200  tasks.o [1]
  .bss                   zero     0x2000'1d54   0x1d8  dlmalloc.o [2]
  .bss                   zero     0x2000'1f2c    0xa0  timers.o [1]
  .bss                   zero     0x2000'1fcc    0x2c  main.o [1]
  .bss                   zero     0x2000'1ff8    0x60  main.o [1]
  .bss                   zero     0x2000'2058    0x50  tasks.o [1]
  .bss                   zero     0x2000'20a8    0x50  tasks.o [1]
  .bss                   zero     0x2000'20f8    0x48  timers.o [1]
  .bss                   zero     0x2000'2140    0x40  queue.o [1]
  .bss                   zero     0x2000'2180    0x2c  main.o [1]
  .bss                   zero     0x2000'21ac    0x2c  main.o [1]
  .bss                   zero     0x2000'21d8    0x2c  main.o [1]
  .bss                   zero     0x2000'2204    0x24  main.o [1]
  .bss                   zero     0x2000'2228    0x18  dlmalloc.o [2]
  .bss                   zero     0x2000'2240    0x14  tasks.o [1]
  .bss                   zero     0x2000'2254    0x14  tasks.o [1]
  .bss                   zero     0x2000'2268    0x14  tasks.o [1]
  .bss                   zero     0x2000'227c    0x14  tasks.o [1]
  .bss                   zero     0x2000'2290    0x14  timers.o [1]
  .bss                   zero     0x2000'22a4    0x14  timers.o [1]
  .bss                   zero     0x2000'22b8     0x4  main.o [1]
  .bss                   zero     0x2000'22bc     0x4  port.o [1]
  .bss                   zero     0x2000'22c0     0x4  tasks.o [1]
  .bss                   zero     0x2000'22c4     0x4  tasks.o [1]
  .bss                   zero     0x2000'22c8     0x4  tasks.o [1]
  .bss                   zero     0x2000'22cc     0x4  tasks.o [1]
  .bss                   zero     0x2000'22d0     0x4  tasks.o [1]
  .bss                   zero     0x2000'22d4     0x4  tasks.o [1]
  .bss                   zero     0x2000'22d8     0x4  tasks.o [1]
  .bss                   zero     0x2000'22dc     0x4  tasks.o [1]
  .bss                   zero     0x2000'22e0     0x4  tasks.o [1]
  .bss                   zero     0x2000'22e4     0x4  tasks.o [1]
  .bss                   zero     0x2000'22e8     0x4  tasks.o [1]
  .bss                   zero     0x2000'22ec     0x4  tasks.o [1]
  .bss                   zero     0x2000'22f0     0x4  tasks.o [1]
  .bss                   zero     0x2000'22f4     0x4  tasks.o [1]
  .bss                   zero     0x2000'22f8     0x4  timers.o [1]
  .bss                   zero     0x2000'22fc     0x4  timers.o [1]
  .bss                   zero     0x2000'2300     0x4  timers.o [1]
  .bss                   zero     0x2000'2304     0x4  timers.o [1]
  .bss                   zero     0x2000'2308     0x4  timers.o [1]
  .bss                   zero     0x2000'230c     0x4  cppinit.o [2]
  .bss                   zero     0x2000'2310     0x4  cppinit.o [2]
  .bss                   zero     0x2000'2314     0x4  new.o [3]
  .bss                   zero     0x2000'2318     0x4  xgetmemchunk.o [2]
  .bss                   zero     0x2000'231c     0x4  xfail_s.o [2]
  .bss                   zero     0x2000'2320     0x1  main.o [1]
  .bss                   zero     0x2000'2321     0x1  main.o [1]
  .bss                   zero     0x2000'2322     0x1  main.o [1]
  .bss                   zero     0x2000'2323     0x1  main.o [1]
  .bss                   zero     0x2000'2324     0x1  main.o [1]
  .bss                   zero     0x2000'2325     0x1  main.o [1]
  .bss                   zero     0x2000'2326     0x1  main.o [1]
  .bss                   zero     0x2000'2327     0x1  port.o [1]
  .bss                   zero     0x2000'2328     0x1  startupF411RE.o [1]
                                - 0x2000'2329  0x1fbd

"P2", part 3 of 3:                             0x11bc
  .iar.dynexit                    0x2000'232c   0x1bc  <Block>
    .iar.dynexit         uninit   0x2000'232c     0xc  cppinit.o [2]
    .iar.dynexit         uninit   0x2000'2338   0x1b0  <Block tail>
  CSTACK                          0x2000'24e8  0x1000  <Block>
    CSTACK               uninit   0x2000'24e8  0x1000  <Block tail>
  HEAP                            0x2000'34e8     0x0  <Block>
                                - 0x2000'34e8  0x11bc

Unused ranges:

         From           To      Size
         ----           --      ----
   0x800'7c57   0x807'ffff  0x7'83a9
  0x2000'036a  0x2000'036b       0x2
  0x2000'34e8  0x2001'ffff  0x1'cb18


*******************************************************************************
*** INIT TABLE
***

          Address      Size
          -------      ----
Zero (__iar_zero_init3)
    1 destination range, total size 0x1fbd:
          0x2000'036c  0x1fbd

Copy/packbits (__iar_packbits_init_single3)
    1 source range, total size 0x3f (7% of destination):
           0x800'7c18    0x3f
    1 destination range, total size 0x36a:
          0x2000'0000   0x36a

Extra (__iar_cstart_call_ctors)



*******************************************************************************
*** MODULE SUMMARY
***

    Module                  ro code  ro data  rw data
    ------                  -------  -------  -------
command line/config:
    -------------------------------------------------
    Total:

C:\Users\Николаос\Documents\MyIARprojects\KursovoiK_\RtosWrapper\Debug\Obj: [1]
    event_groups.o              528
    irqcontroller.o               2
    list.o                      154
    main.o                    9'198    1'187    3'271
    port.o                      392        4        9
    portasm.o                   168
    queue.o                   1'672                64
    startupF411RE.o           1'424      473    2'911
    tasks.o                   2'412        8    1'932
    timers.o                  1'044       16      292
    -------------------------------------------------
    Total:                   16'994    1'688    8'479

dl7M_tln.a: [2]
    abort.o                       6
    cppinit.o                   160                20
    dlmalloc.o                5'276               496
    exit.o                        4
    heaptramp0.o                  4
    sprintf.o                    64
    strncat.o                    40
    xfail_s.o                    64                 4
    xgetmemchunk.o               44                 4
    xprintflarge_nomb.o       3'498
    xsprout.o                    10
    -------------------------------------------------
    Total:                    9'170               524

dlpp7M_tl_nc.a: [3]
    cxxabi.o                     10
    delop_0.o                    10
    new.o                                           4
    newop_0.o                    36
    nomemory.o                    4
    -------------------------------------------------
    Total:                       60                 4

m7M_tls.a: [4]
    DblAdd.o                    378
    DblDiv.o                    582
    DblMul.o                    418
    DblSub.o                    226
    DblToFlt.o                  104
    DblToU32.o                   40
    FltToDbl.o                   72
    S64ToFlt.o                   88
    U32ToDbl.o                   26
    fpinit_M.o                   34
    frexp.o                     112
    logf.o                      192       68
    -------------------------------------------------
    Total:                    2'272       68

rt7M_tl.a: [5]
    ABImemcpy.o                 166
    ABImemmove.o                150
    ABImemset.o                 102
    I64DivMod.o                 628
    I64DivZer.o                   2
    cexit.o                      14
    cmain.o                      30
    cmain_call_ctors.o           32
    cstart_call_dtors.o
    data_init.o                  40
    memchr.o                     88
    packbits_init_single.o       56
    strchr.o                     22
    strlen.o                     54
    zero_init3.o                 58
    -------------------------------------------------
    Total:                    1'442

shb_l.a: [6]
    ABIassert.o                  36
    exit.o                       20
    unwind_debug.o                         1
    -------------------------------------------------
    Total:                       56        1

    Gaps                         38        6        4
    Linker created                        36    4'528
-----------------------------------------------------
    Grand Total:             30'032    1'799   13'539


*******************************************************************************
*** ENTRY LIST
***

Entry                       Address   Size  Type      Object
-----                       -------   ----  ----      ------
.iar.dynexit$$Base      0x2000'232c          --   Gb  - Linker created -
.iar.dynexit$$Limit     0x2000'24e8          --   Gb  - Linker created -
.iar.init_table$$Base    0x800'7a3c          --   Gb  - Linker created -
.iar.init_table$$Limit   0x800'7a60          --   Gb  - Linker created -
?main                    0x800'787d         Code  Gb  cmain.o [5]
BME280Driver<spi2Transceiver, Pin<Port<GPIOC>, (unsigned char)6>>::BME280Driver()
                         0x800'49c5   0x2c  Code  Gb  main.o [1]
BME280Driver<spi2Transceiver, Pin<Port<GPIOC>, (unsigned char)6>>::CalcDewPoint()
                         0x800'717d   0x70  Code  Gb  main.o [1]
BME280Driver<spi2Transceiver, Pin<Port<GPIOC>, (unsigned char)6>>::CircuitDeselect()
                         0x800'5cd7    0xa  Code  Gb  main.o [1]
BME280Driver<spi2Transceiver, Pin<Port<GPIOC>, (unsigned char)6>>::CircuitSelect()
                         0x800'5c87    0xa  Code  Gb  main.o [1]
BME280Driver<spi2Transceiver, Pin<Port<GPIOC>, (unsigned char)6>>::InitializeCalibrateData()
                         0x800'4fd1   0x68  Code  Gb  main.o [1]
BME280Driver<spi2Transceiver, Pin<Port<GPIOC>, (unsigned char)6>>::Measure()
                         0x800'74bd   0x4e  Code  Gb  main.o [1]
BME280Driver<spi2Transceiver, Pin<Port<GPIOC>, (unsigned char)6>>::ReadHumidity()
                         0x800'6785   0xc0  Code  Gb  main.o [1]
BME280Driver<spi2Transceiver, Pin<Port<GPIOC>, (unsigned char)6>>::ReadPressure()
                         0x800'653d  0x1f0  Code  Gb  main.o [1]
BME280Driver<spi2Transceiver, Pin<Port<GPIOC>, (unsigned char)6>>::ReadRegister(char)
                         0x800'54f1   0x40  Code  Gb  main.o [1]
BME280Driver<spi2Transceiver, Pin<Port<GPIOC>, (unsigned char)6>>::ReadSpanOfRegisters(char, char *, unsigned int)
                         0x800'54a5   0x4c  Code  Gb  main.o [1]
BME280Driver<spi2Transceiver, Pin<Port<GPIOC>, (unsigned char)6>>::ReadTemperature()
                         0x800'6d35   0x7c  Code  Gb  main.o [1]
BME280Driver<spi2Transceiver, Pin<Port<GPIOC>, (unsigned char)6>>::StartMeasurements()
                         0x800'5039   0x1a  Code  Gb  main.o [1]
BME280Driver<spi2Transceiver, Pin<Port<GPIOC>, (unsigned char)6>>::WriteRegister(char, char)
                         0x800'5531   0x3c  Code  Gb  main.o [1]
BluetoothTask::BluetoothTask()
                         0x800'4af9   0x28  Code  Gb  main.o [1]
BluetoothTask::Execute()
                         0x800'6905   0xbc  Code  Gb  main.o [1]
BluetoothTask::Execute()::string
                         0x800'7a98   0x14  Data  Gb  main.o [1]
Button<Pin<Port<GPIOC>, (unsigned char)13>>::Enable()
                         0x800'5431    0xc  Code  Gb  main.o [1]
Button<Pin<Port<GPIOC>, (unsigned char)13>>::WasPressed()
                         0x800'79ed   0x1a  Code  Gb  main.o [1]
ButtonEventTask<Button<Pin<Port<GPIOC>, (unsigned char)13>>, event>::ButtonEventTask()
                         0x800'4add   0x1c  Code  Gb  main.o [1]
ButtonEventTask<Button<Pin<Port<GPIOC>, (unsigned char)13>>, event>::Execute()
                         0x800'79c5   0x28  Code  Gb  main.o [1]
CSTACK$$Base            0x2000'24e8          --   Gb  - Linker created -
CSTACK$$Limit           0x2000'34e8          --   Gb  - Linker created -
DtorRecArray            0x2000'232c    0xc  Data  Lc  cppinit.o [2]
DummyModule::handler()   0x800'7845    0x2  Code  Gb  startupF411RE.o [1]
EPDDriver4inch2<spi1Transceiver, Pin<Port<GPIOB>, (unsigned char)13>, Pin<Port<GPIOB>, (unsigned char)14>, Pin<Port<GPIOB>, (unsigned char)15>, Pin<Port<GPIOB>, (unsigned char)1>>::CircuitDeselect()
                         0x800'5e19    0xa  Code  Gb  main.o [1]
EPDDriver4inch2<spi1Transceiver, Pin<Port<GPIOB>, (unsigned char)13>, Pin<Port<GPIOB>, (unsigned char)14>, Pin<Port<GPIOB>, (unsigned char)15>, Pin<Port<GPIOB>, (unsigned char)1>>::CircuitSelect()
                         0x800'5db9    0xa  Code  Gb  main.o [1]
EPDDriver4inch2<spi1Transceiver, Pin<Port<GPIOB>, (unsigned char)13>, Pin<Port<GPIOB>, (unsigned char)14>, Pin<Port<GPIOB>, (unsigned char)15>, Pin<Port<GPIOB>, (unsigned char)1>>::Clear()
                         0x800'5125   0x98  Code  Gb  main.o [1]
EPDDriver4inch2<spi1Transceiver, Pin<Port<GPIOB>, (unsigned char)13>, Pin<Port<GPIOB>, (unsigned char)14>, Pin<Port<GPIOB>, (unsigned char)15>, Pin<Port<GPIOB>, (unsigned char)1>>::Command()
                         0x800'5dc3    0xa  Code  Gb  main.o [1]
EPDDriver4inch2<spi1Transceiver, Pin<Port<GPIOB>, (unsigned char)13>, Pin<Port<GPIOB>, (unsigned char)14>, Pin<Port<GPIOB>, (unsigned char)15>, Pin<Port<GPIOB>, (unsigned char)1>>::Data()
                         0x800'5e23    0xa  Code  Gb  main.o [1]
EPDDriver4inch2<spi1Transceiver, Pin<Port<GPIOB>, (unsigned char)13>, Pin<Port<GPIOB>, (unsigned char)14>, Pin<Port<GPIOB>, (unsigned char)15>, Pin<Port<GPIOB>, (unsigned char)1>>::Delay_ms(unsigned long long)
                         0x800'5679   0x30  Code  Gb  main.o [1]
EPDDriver4inch2<spi1Transceiver, Pin<Port<GPIOB>, (unsigned char)13>, Pin<Port<GPIOB>, (unsigned char)14>, Pin<Port<GPIOB>, (unsigned char)15>, Pin<Port<GPIOB>, (unsigned char)1>>::EPDDriver4inch2()
                         0x800'4a9d   0x14  Code  Gb  main.o [1]
EPDDriver4inch2<spi1Transceiver, Pin<Port<GPIOB>, (unsigned char)13>, Pin<Port<GPIOB>, (unsigned char)14>, Pin<Port<GPIOB>, (unsigned char)15>, Pin<Port<GPIOB>, (unsigned char)1>>::Init()
                         0x800'5053   0xd2  Code  Gb  main.o [1]
EPDDriver4inch2<spi1Transceiver, Pin<Port<GPIOB>, (unsigned char)13>, Pin<Port<GPIOB>, (unsigned char)14>, Pin<Port<GPIOB>, (unsigned char)15>, Pin<Port<GPIOB>, (unsigned char)1>>::ReadBusy()
                         0x800'564d   0x2a  Code  Gb  main.o [1]
EPDDriver4inch2<spi1Transceiver, Pin<Port<GPIOB>, (unsigned char)13>, Pin<Port<GPIOB>, (unsigned char)14>, Pin<Port<GPIOB>, (unsigned char)15>, Pin<Port<GPIOB>, (unsigned char)1>>::Reset()
                         0x800'556d   0x68  Code  Gb  main.o [1]
EPDDriver4inch2<spi1Transceiver, Pin<Port<GPIOB>, (unsigned char)13>, Pin<Port<GPIOB>, (unsigned char)14>, Pin<Port<GPIOB>, (unsigned char)15>, Pin<Port<GPIOB>, (unsigned char)1>>::SendCommand(char)
                         0x800'55d5   0x3c  Code  Gb  main.o [1]
EPDDriver4inch2<spi1Transceiver, Pin<Port<GPIOB>, (unsigned char)13>, Pin<Port<GPIOB>, (unsigned char)14>, Pin<Port<GPIOB>, (unsigned char)15>, Pin<Port<GPIOB>, (unsigned char)1>>::SendData(char)
                         0x800'5611   0x3c  Code  Gb  main.o [1]
EPDDriver4inch2<spi1Transceiver, Pin<Port<GPIOB>, (unsigned char)13>, Pin<Port<GPIOB>, (unsigned char)14>, Pin<Port<GPIOB>, (unsigned char)15>, Pin<Port<GPIOB>, (unsigned char)1>>::TurnOnDisplay()
                         0x800'56a9   0x1e  Code  Gb  main.o [1]
HEAP$$Base              0x2000'34e8          --   Gb  - Linker created -
HEAP$$Limit             0x2000'34e8          --   Gb  - Linker created -
Initialization guard variable for bluetoothTransceiver
                        0x2000'2328    0x1  Data  Gb  startupF411RE.o [1]
Initialization guard variable for bme280
                        0x2000'2320    0x1  Data  Gb  main.o [1]
Initialization guard variable for dewPoint
                        0x2000'2324    0x1  Data  Gb  main.o [1]
Initialization guard variable for epDisplay
                        0x2000'2325    0x1  Data  Gb  main.o [1]
Initialization guard variable for humidity
                        0x2000'2323    0x1  Data  Gb  main.o [1]
Initialization guard variable for pressure
                        0x2000'2322    0x1  Data  Gb  main.o [1]
Initialization guard variable for temperature
                        0x2000'2321    0x1  Data  Gb  main.o [1]
IrqController::HandleIrqExtiLine15_10()
                         0x800'29df    0x2  Code  Gb  irqcontroller.o [1]
Led<Pin<Port<GPIOA>, (unsigned char)5>>::Enable()
                         0x800'4f7d    0xc  Code  Gb  main.o [1]
Led<Pin<Port<GPIOA>, (unsigned char)5>>::Toggle()
                         0x800'6b0d    0x8  Code  Gb  main.o [1]
Led<Pin<Port<GPIOC>, (unsigned char)9>>::Enable()
                         0x800'4f89    0xc  Code  Gb  main.o [1]
Led<Pin<Port<GPIOC>, (unsigned char)9>>::Toggle()
                         0x800'7695    0x8  Code  Gb  main.o [1]
Measurement::CheckUnit(Unit)
                         0x800'6009   0x28  Code  Gb  main.o [1]
Measurement::GetValue()
                         0x800'6d29    0xa  Code  Gb  main.o [1]
Measurement::GetValue(Unit)
                         0x800'7939   0x30  Code  Gb  main.o [1]
Measurement::GetValue(Unit)::string (instance 2)
                         0x800'75e0   0x40  Data  Gb  main.o [1]
Measurement::GetValue(Unit)::string (instance 3)
                         0x800'702c   0x70  Data  Gb  main.o [1]
Measurement::Measurement(std::string, Unit *, unsigned int, Unit, double (*)())
                         0x800'5951   0x5c  Code  Gb  main.o [1]
Measurement::Measurement(std::string, Unit *, unsigned int, Unit, double (*)()) [subobject]
                         0x800'5319   0x16  Code  Gb  main.o [1]
Measurement::Measurement(std::string, Unit *, unsigned int, Unit, double (*)())::string (instance 2)
                         0x800'7554   0x48  Data  Gb  main.o [1]
Measurement::Measurement(std::string, Unit *, unsigned int, Unit, double (*)())::string (instance 3)
                         0x800'6fbc   0x70  Data  Gb  main.o [1]
Measurement::Measurement(std::string, Unit, double (*)())
                         0x800'4a6d   0x30  Code  Gb  main.o [1]
Measurement::ShowUnitName(Unit)
                         0x800'69c1   0x80  Code  Gb  main.o [1]
Measurement::ShowUnitName(Unit)::string
                         0x800'24fe    0x2  Data  Gb  main.o [1]
Measurement::ShowUnitName(Unit)::string (instance 2)
                         0x800'25fe    0x2  Data  Gb  main.o [1]
Measurement::ShowUnitName(Unit)::string (instance 3)
                         0x800'28b6    0x2  Data  Gb  main.o [1]
Measurement::ShowUnitName(Unit)::string (instance 4)
                         0x800'7c10    0x4  Data  Gb  main.o [1]
Measurement::ShowUnitName(Unit)::string (instance 5)
                         0x800'28fa    0x2  Data  Gb  main.o [1]
Measurement::ShowUnitName(Unit)::string (instance 7)
                         0x800'78d8   0x30  Data  Gb  main.o [1]
Measurement::ShowUnitName(Unit)::string (instance 8)
                         0x800'709c   0x70  Data  Gb  main.o [1]
Measurement::~Measurement()
                         0x800'7a81   0x18  Code  Gb  main.o [1]
Measurement::~Measurement() [subobject]
                         0x800'7b41    0xc  Code  Gb  main.o [1]
MeasurementTask::Execute()
                         0x800'765d   0x38  Code  Gb  main.o [1]
MeasurementTask::MeasurementTask(OsWrapper::Event &)
                         0x800'4b21   0x30  Code  Gb  main.o [1]
MeasurementTask::UnitsUpdate()
                         0x800'746d   0x50  Code  Gb  main.o [1]
MeasurementTask::UnitsUpdate()::counter
                        0x2000'22b8    0x4  Data  Gb  main.o [1]
OsWrapper::Event::Event(std::chrono::duration<long long, std::ratio<(long long)1, (long long)1000>>, unsigned int)
                         0x800'4ab1   0x2c  Code  Gb  main.o [1]
OsWrapper::Event::Signal()
                         0x800'7a07    0xe  Code  Gb  main.o [1]
OsWrapper::Event::Wait(OsWrapper::EventMode, unsigned int) const
                         0x800'769d   0x16  Code  Gb  main.o [1]
OsWrapper::Event::~Event()
                         0x800'7b19    0xe  Code  Gb  main.o [1]
OsWrapper::IThread::IThread()
                         0x800'62ad    0xa  Code  Gb  main.o [1]
OsWrapper::IThread::IThread() [subobject]
                         0x800'6031    0xc  Code  Gb  main.o [1]
OsWrapper::IThread::Run()
                         0x800'7aad   0x14  Code  Gb  main.o [1]
OsWrapper::IThread::Sleep(std::chrono::duration<long long, std::ratio<(long long)1, (long long)1000>>)
                         0x800'6b15   0x1a  Code  Gb  main.o [1]
OsWrapper::Rtos::HandleSvcInterrupt()
                         0x800'7bf9    0x8  Code  Gb  startupF411RE.o [1]
OsWrapper::Rtos::HandleSysTickInterrupt()
                         0x800'7c01    0x8  Code  Gb  startupF411RE.o [1]
OsWrapper::Rtos::Run(void *)
                         0x800'7ba1    0xc  Code  Gb  main.o [1]
OsWrapper::Rtos::Start()
                         0x800'5225    0x8  Code  Gb  main.o [1]
OsWrapper::RtosWrapper::wCreateEvent(xSTATIC_EVENT_GROUP &)
                         0x800'5419    0xc  Code  Gb  main.o [1]
OsWrapper::RtosWrapper::wDeleteEvent(void *&)
                         0x800'7b27    0xc  Code  Gb  main.o [1]
OsWrapper::RtosWrapper::wGetTicks()
                         0x800'7ac1    0x8  Code  Gb  main.o [1]
OsWrapper::RtosWrapper::wHandleSvcInterrupt()
                         0x800'7be9    0x8  Code  Gb  startupF411RE.o [1]
OsWrapper::RtosWrapper::wHandleSysTickInterrupt()
                         0x800'7bf1    0x8  Code  Gb  startupF411RE.o [1]
OsWrapper::RtosWrapper::wSignalEvent(void *const &, unsigned int)
                         0x800'7621   0x3c  Code  Gb  main.o [1]
OsWrapper::RtosWrapper::wSleep(unsigned int)
                         0x800'6b8f    0xc  Code  Gb  main.o [1]
OsWrapper::RtosWrapper::wStart()
                         0x800'5775    0x8  Code  Gb  main.o [1]
OsWrapper::RtosWrapper::wWaitEvent(void *const &, unsigned int, unsigned int, OsWrapper::EventMode)
                         0x800'76bd   0x2a  Code  Gb  main.o [1]
OsWrapper::Thread<(unsigned int)128>::Thread()
                         0x800'5bd5    0xe  Code  Gb  main.o [1]
OsWrapper::Thread<(unsigned int)128>::Thread() [subobject]
                         0x800'5425    0xc  Code  Gb  main.o [1]
OsWrapper::Thread<(unsigned int)400>::Thread()
                         0x800'5bff    0xe  Code  Gb  main.o [1]
OsWrapper::Thread<(unsigned int)400>::Thread() [subobject]
                         0x800'543d    0xc  Code  Gb  main.o [1]
Pin<Port<GPIOA>, (unsigned char)5>::Enable()
                         0x800'546d   0x10  Code  Gb  main.o [1]
Pin<Port<GPIOA>, (unsigned char)5>::SelectOutputMode()
                         0x800'547d    0xc  Code  Gb  main.o [1]
Pin<Port<GPIOA>, (unsigned char)5>::Toggle()
                         0x800'6b85    0xa  Code  Gb  main.o [1]
Pin<Port<GPIOB>, (unsigned char)13>::Reset()
                         0x800'60e5    0xc  Code  Gb  main.o [1]
Pin<Port<GPIOB>, (unsigned char)13>::Set()
                         0x800'53d1    0xc  Code  Gb  main.o [1]
Pin<Port<GPIOB>, (unsigned char)14>::Reset()
                         0x800'60f1    0xc  Code  Gb  main.o [1]
Pin<Port<GPIOB>, (unsigned char)14>::Set()
                         0x800'53dd    0xc  Code  Gb  main.o [1]
Pin<Port<GPIOB>, (unsigned char)15>::Reset()
                         0x800'5dad    0xc  Code  Gb  main.o [1]
Pin<Port<GPIOB>, (unsigned char)15>::Set()
                         0x800'53e9    0xc  Code  Gb  main.o [1]
Pin<Port<GPIOB>, (unsigned char)1>::IsSet()
                         0x800'5e2d    0xa  Code  Gb  main.o [1]
Pin<Port<GPIOC>, (unsigned char)13>::Enable()
                         0x800'5be3   0x10  Code  Gb  main.o [1]
Pin<Port<GPIOC>, (unsigned char)13>::IsSet()
                         0x800'7a15    0xa  Code  Gb  main.o [1]
Pin<Port<GPIOC>, (unsigned char)13>::SelectInputMode()
                         0x800'5bf3    0xc  Code  Gb  main.o [1]
Pin<Port<GPIOC>, (unsigned char)6>::Reset()
                         0x800'60a1    0xa  Code  Gb  main.o [1]
Pin<Port<GPIOC>, (unsigned char)6>::Set()
                         0x800'522d    0xa  Code  Gb  main.o [1]
Pin<Port<GPIOC>, (unsigned char)9>::Enable()
                         0x800'5489   0x10  Code  Gb  main.o [1]
Pin<Port<GPIOC>, (unsigned char)9>::SelectOutputMode()
                         0x800'5499    0xc  Code  Gb  main.o [1]
Pin<Port<GPIOC>, (unsigned char)9>::Toggle()
                         0x800'76b3    0xa  Code  Gb  main.o [1]
Port<GPIOA>::Enable()    0x800'5c15    0x8  Code  Gb  main.o [1]
Port<GPIOA>::IsEnable()
                         0x800'5c0d    0x8  Code  Gb  main.o [1]
Port<GPIOA>::ModeSet(unsigned char, Moder)
                         0x800'5c1d   0x2a  Code  Gb  main.o [1]
Port<GPIOA>::Toggle(unsigned char)
                         0x800'6bd1    0xe  Code  Gb  main.o [1]
Port<GPIOB>::IsSet(unsigned char)
                         0x800'610d   0x10  Code  Gb  main.o [1]
Port<GPIOB>::Reset(unsigned int)
                         0x800'60d9    0xc  Code  Gb  main.o [1]
Port<GPIOB>::Set(unsigned int)
                         0x800'59ad    0xc  Code  Gb  main.o [1]
Port<GPIOC>::Enable()    0x800'5c4f    0x8  Code  Gb  main.o [1]
Port<GPIOC>::IsEnable()
                         0x800'5c47    0x8  Code  Gb  main.o [1]
Port<GPIOC>::IsSet(unsigned char)
                         0x800'7a1f   0x10  Code  Gb  main.o [1]
Port<GPIOC>::ModeSet(unsigned char, Moder)
                         0x800'5c57   0x2a  Code  Gb  main.o [1]
Port<GPIOC>::Reset(unsigned int)
                         0x800'62b7    0xc  Code  Gb  main.o [1]
Port<GPIOC>::Set(unsigned int)
                         0x800'577d    0xc  Code  Gb  main.o [1]
Port<GPIOC>::Toggle(unsigned char)
                         0x800'76e7    0xe  Code  Gb  main.o [1]
Region$$Table$$Base      0x800'7a3c          --   Gb  - Linker created -
Region$$Table$$Limit     0x800'7a60          --   Gb  - Linker created -
SHT$$INIT_ARRAY$$Base    0x800'7c08          --   Gb  - Linker created -
SHT$$INIT_ARRAY$$Limit   0x800'7c10          --   Gb  - Linker created -
SHT$$PREINIT_ARRAY$$Base
                         0x800'7c08          --   Gb  - Linker created -
SHT$$PREINIT_ARRAY$$Limit
                         0x800'7c08          --   Gb  - Linker created -
SPI<SPI1, spi1Transceiver>::ReadByte()
                         0x800'73b9    0xa  Code  Gb  startupF411RE.o [1]
SPI<SPI1, spi1Transceiver>::ReceiveBufNotEmptyInterruptDisable()
                         0x800'73c3    0x8  Code  Gb  startupF411RE.o [1]
SPI<SPI1, spi1Transceiver>::ReceiveBufNotEmptyInterruptEnable()
                         0x800'60fd    0x8  Code  Gb  main.o [1]
SPI<SPI1, spi1Transceiver>::SendByte(char)
                         0x800'6ef7    0xe  Code  Gb  startupF411RE.o [1]
SPI<SPI1, spi1Transceiver>::SpiInterruptHandler()
                         0x800'77b1   0x34  Code  Gb  startupF411RE.o [1]
SPI<SPI1, spi1Transceiver>::TransmiteBufEmptyInterruptDisable()
                         0x800'6f05    0x8  Code  Gb  startupF411RE.o [1]
SPI<SPI1, spi1Transceiver>::TransmiteBufEmptyInterruptEnable()
                         0x800'6105    0x8  Code  Gb  main.o [1]
SPI<SPI1, spi1Transceiver>::TransmittionCompleted()
                         0x800'6f0d    0x8  Code  Gb  startupF411RE.o [1]
SPI<SPI2, spi2Transceiver>::ReadByte()
                         0x800'732d    0xa  Code  Gb  startupF411RE.o [1]
SPI<SPI2, spi2Transceiver>::ReceiveBufNotEmptyInterruptDisable()
                         0x800'7337    0x8  Code  Gb  startupF411RE.o [1]
SPI<SPI2, spi2Transceiver>::ReceiveBufNotEmptyInterruptEnable()
                         0x800'60af    0x8  Code  Gb  main.o [1]
SPI<SPI2, spi2Transceiver>::SendByte(char)
                         0x800'6e2b    0xe  Code  Gb  startupF411RE.o [1]
SPI<SPI2, spi2Transceiver>::SpiInterruptHandler()
                         0x800'773d   0x34  Code  Gb  startupF411RE.o [1]
SPI<SPI2, spi2Transceiver>::TransmiteBufEmptyInterruptDisable()
                         0x800'6e39    0x8  Code  Gb  startupF411RE.o [1]
SPI<SPI2, spi2Transceiver>::TransmiteBufEmptyInterruptEnable()
                         0x800'60b7    0x8  Code  Gb  main.o [1]
SPI<SPI2, spi2Transceiver>::TransmittionCompleted()
                         0x800'6e41    0x8  Code  Gb  startupF411RE.o [1]
SpiDriver<spi1>::IsMessageTransmited()
                         0x800'5e13    0x6  Code  Gb  main.o [1]
SpiDriver<spi1>::OnNextByteReceive()
                         0x800'735d   0x5c  Code  Gb  startupF411RE.o [1]
SpiDriver<spi1>::OnNextByteReceive()::isfirst
                        0x2000'0369    0x1  Data  Gb  startupF411RE.o [1]
SpiDriver<spi1>::OnNextByteTransmite()
                         0x800'6e7d   0x7a  Code  Gb  startupF411RE.o [1]
SpiDriver<spi1>::SendByte(char)
                         0x800'5dd3   0x40  Code  Gb  main.o [1]
SpiDriver<spi1>::SetReceivedMesLength(unsigned int)
                         0x800'5dcd    0x6  Code  Gb  main.o [1]
SpiDriver<spi2>::GetByte()
                         0x800'5d1d   0x2a  Code  Gb  main.o [1]
SpiDriver<spi2>::GetMessage(char *)
                         0x800'5ce1   0x3c  Code  Gb  main.o [1]
SpiDriver<spi2>::IsMessageReceived()
                         0x800'5cd1    0x6  Code  Gb  main.o [1]
SpiDriver<spi2>::OnNextByteReceive()
                         0x800'72d1   0x5c  Code  Gb  startupF411RE.o [1]
SpiDriver<spi2>::OnNextByteReceive()::isfirst
                        0x2000'0368    0x1  Data  Gb  startupF411RE.o [1]
SpiDriver<spi2>::OnNextByteTransmite()
                         0x800'6db1   0x7a  Code  Gb  startupF411RE.o [1]
SpiDriver<spi2>::SendByte(char)
                         0x800'5c91   0x40  Code  Gb  main.o [1]
SpiDriver<spi2>::SendMessage(char *, unsigned int)
                         0x800'5d47   0x66  Code  Gb  main.o [1]
SpiDriver<spi2>::SetReceivedMesLength(unsigned int)
                         0x800'5c81    0x6  Code  Gb  main.o [1]
SysCtlDelay              0x800'47a5    0x8  Code  Gb  main.o [1]
SystemCoreClock         0x2000'0018    0x4  Data  Gb  main.o [1]
Temperature::GetValue()
                         0x800'245f    0xa  Code  Gb  main.o [1]
Temperature::GetValue(Unit)
                         0x800'6c8d   0x9c  Code  Gb  main.o [1]
Temperature::GetValue(Unit)::string (instance 2)
                         0x800'7908   0x30  Data  Gb  main.o [1]
Temperature::GetValue(Unit)::string (instance 3)
                         0x800'710c   0x70  Data  Gb  main.o [1]
Temperature::Temperature(std::string, double (*)())
                         0x800'4a15   0x3c  Code  Gb  main.o [1]
Temperature::~Temperature()
                         0x800'7b33    0xe  Code  Gb  main.o [1]
USART<USART2, bluetoothTransceiver>::ReadByte()
                         0x800'72bb    0xa  Code  Gb  startupF411RE.o [1]
USART<USART2, bluetoothTransceiver>::SendByte(unsigned char)
                         0x800'6b77    0xe  Code  Gb  startupF411RE.o [1]
USART<USART2, bluetoothTransceiver>::TransmiteBufEmptyInterruptDisable()
                         0x800'7445    0x8  Code  Gb  startupF411RE.o [1]
USART<USART2, bluetoothTransceiver>::TransmiteBufEmptyInterruptEnable()
                         0x800'6b6b    0x8  Code  Gb  main.o [1]
USART<USART2, bluetoothTransceiver>::TransmiteDisable()
                         0x800'743d    0x8  Code  Gb  startupF411RE.o [1]
USART<USART2, bluetoothTransceiver>::TransmiteEnable()
                         0x800'6b63    0x8  Code  Gb  main.o [1]
USART<USART2, bluetoothTransceiver>::UsartInterruptHandler()
                         0x800'7969   0x2c  Code  Gb  startupF411RE.o [1]
Virtual function table for BluetoothTask
                         0x800'7b4c    0xc  Data  Gb  main.o [1]
Virtual function table for ButtonEventTask<Button<Pin<Port<GPIOC>, (unsigned char)13>>, event>
                         0x800'7b64    0xc  Data  Gb  main.o [1]
Virtual function table for Measurement
                         0x800'7ac8   0x10  Data  Gb  main.o [1]
Virtual function table for MeasurementTask
                         0x800'7b58    0xc  Data  Gb  main.o [1]
Virtual function table for Temperature
                         0x800'7ad8   0x10  Data  Gb  main.o [1]
_LitobLargeNoMb          0x800'2233  0x10a  Code  Lc  xprintflarge_nomb.o [2]
_PrintfLargeNoMb         0x800'16b5  0xb78  Code  Gb  xprintflarge_nomb.o [2]
_PutcharLargeNoMb        0x800'23a5   0x20  Code  Lc  xprintflarge_nomb.o [2]
_PutcharsLargeNoMb       0x800'23c5   0x2e  Code  Lc  xprintflarge_nomb.o [2]
_SProut                  0x800'247f    0xa  Code  Gb  xsprout.o [2]
__aeabi_assert           0x800'5449   0x24  Code  Gb  ABIassert.o [6]
__aeabi_atexit           0x800'4a51    0xa  Code  Gb  cxxabi.o [3]
__aeabi_d2f              0x800'71ed         Code  Gb  DblToFlt.o [4]
__aeabi_d2uiz            0x800'28b9         Code  Gb  DblToU32.o [4]
__aeabi_dadd             0x800'2df9         Code  Gb  DblAdd.o [4]
__aeabi_ddiv             0x800'2671         Code  Gb  DblDiv.o [4]
__aeabi_dmul             0x800'29e1         Code  Gb  DblMul.o [4]
__aeabi_dsub             0x800'28fd         Code  Gb  DblSub.o [4]
__aeabi_f2d              0x800'750d         Code  Gb  FltToDbl.o [4]
__aeabi_l2f              0x800'672d         Code  Gb  S64ToFlt.o [4]
__aeabi_ldiv0            0x800'2f75         Code  Gb  I64DivZer.o [5]
__aeabi_ldivmod          0x800'2b85         Code  Gb  I64DivMod.o [5]
__aeabi_memcpy           0x800'2559         Code  Gb  ABImemcpy.o [5]
__aeabi_memcpy4          0x800'2579         Code  Gb  ABImemcpy.o [5]
__aeabi_memcpy8          0x800'2579         Code  Gb  ABImemcpy.o [5]
__aeabi_memmove          0x800'638d         Code  Gb  ABImemmove.o [5]
__aeabi_memmove4         0x800'638d         Code  Gb  ABImemmove.o [5]
__aeabi_memmove8         0x800'638d         Code  Gb  ABImemmove.o [5]
__aeabi_memset           0x800'6425         Code  Gb  ABImemset.o [5]
__aeabi_ui2d             0x800'28e1         Code  Gb  U32ToDbl.o [4]
__aeabi_uldivmod         0x800'2bc9         Code  Gb  I64DivMod.o [5]
__call_ctors             0x800'5331   0x18  Code  Gb  cppinit.o [2]
__call_dtors             0x800'537f    0xc  Code  Gb  cppinit.o [2]
__call_dtors0            0x800'538b   0x36  Code  Gb  cppinit.o [2]
__cexit_call_dtors       0x800'78cb         Code  Gb  cexit.o [5]
__cmain                  0x800'787d         Code  Gb  cmain.o [5]
__cstart_call_dtors      0x800'7c18         Data  Gb  cstart_call_dtors.o [5]
__cxa_atexit             0x800'5349   0x36  Code  Gb  cppinit.o [2]
__data_GetMemChunk       0x800'1675   0x2c  Code  Gb  xgetmemchunk.o [2]
__data_GetMemChunk::start
                        0x2000'2318    0x4  Data  Lc  xgetmemchunk.o [2]
__dso_handle            0x2000'2310    0x4  Data  Gb  cppinit.o [2]
__exit                   0x800'16a1   0x14  Code  Gb  exit.o [6]
__iar_Fail_s             0x800'2489   0x1c  Code  Gb  xfail_s.o [2]
__iar_Memchr             0x800'2501         Code  Gb  memchr.o [5]
__iar_Memset             0x800'6425         Code  Gb  ABImemset.o [5]
__iar_Memset_word        0x800'642d         Code  Gb  ABImemset.o [5]
__iar_Strchr             0x800'2469         Code  Gb  strchr.o [5]
__iar_cstart_call_ctors
                         0x800'7a61   0x20  Code  Gb  cmain_call_ctors.o [5]
__iar_dadd               0x800'290d         Code  Gb  DblSub.o [4]
__iar_data_init3         0x800'789d   0x28  Code  Gb  data_init.o [5]
__iar_debug_exceptions   0x800'2b83    0x1  Data  Gb  unwind_debug.o [6]
__iar_dlfree             0x800'110f  0x51e  Code  Gb  dlmalloc.o [2]
__iar_dlmalloc           0x800'0221  0xeee  Code  Gb  dlmalloc.o [2]
__iar_dsub               0x800'2e09         Code  Gb  DblAdd.o [4]
__iar_dsubStart          0x800'2e1b         Code  Gb  DblAdd.o [4]
__iar_frexp              0x800'260d         Code  Gb  frexp.o [4]
__iar_frexpl             0x800'260d         Code  Gb  frexp.o [4]
__iar_init_vfp           0x800'7859         Code  Gb  fpinit_M.o [4]
__iar_log32              0x800'6845         Code  Gb  logf.o [4]
__iar_log_medium32       0x800'6845         Code  Gb  logf.o [4]
__iar_log_mediumf        0x800'6845         Code  Gb  logf.o [4]
__iar_logf_NoFini        0x800'68dd         Code  Gb  logf.o [4]
__iar_logf_ZerNeg        0x800'68f1         Code  Gb  logf.o [4]
__iar_logf_cTab          0x800'759c         Data  Gb  logf.o [4]
__iar_packbits_init_single3
                         0x800'7705   0x38  Code  Gb  packbits_init_single.o [5]
__iar_program_start      0x800'7847   0x10  Code  Gb  startupF411RE.o [1]
__iar_safe_logf          0x800'6865         Code  Gb  logf.o [4]
__iar_softfp___iar_frexp64
                         0x800'2601         Code  Gb  frexp.o [4]
__iar_softfp_frexp       0x800'2601         Code  Gb  frexp.o [4]
__iar_softfp_frexpl      0x800'2601         Code  Gb  frexp.o [4]
__iar_tls$$INIT_ARRAY$$Base
                         0x800'7c10          --   Gb  - Linker created -
__iar_tls$$INIT_ARRAY$$Limit
                         0x800'7c10          --   Gb  - Linker created -
__iar_zero_init3         0x800'163b   0x3a  Code  Gb  zero_init3.o [5]
__low_level_init         0x800'47ad  0x116  Code  Gb  main.o [1]
__sti__routine           0x800'464d  0x128  Code  Lc  main.o [1]
__sti__routine           0x800'7825   0x16  Code  Lc  startupF411RE.o [1]
__vector_table           0x800'0000  0x198  Data  Gb  startupF411RE.o [1]
_call_main               0x800'7889         Code  Gb  cmain.o [5]
_exit                    0x800'78c9         Code  Gb  cexit.o [5]
_gm_                    0x2000'1d54  0x1d8  Data  Lc  dlmalloc.o [2]
_main                    0x800'7897         Code  Gb  cmain.o [5]
abort                    0x800'1635    0x6  Code  Gb  abort.o [2]
bluetoothTask           0x2000'0be8  0x6a8  Data  Gb  main.o [1]
bluetoothTransceiver    0x2000'036c  0x814  Data  Gb  startupF411RE.o [1]
bme280                  0x2000'1ff8   0x60  Data  Gb  main.o [1]
bool FieldValueBase<RCC_AHB1ENR_GPIOAEN_Values<RCC::AHB1ENR, (unsigned int)0, (unsigned int)1, ReadWriteMode, RCC::RCCAHB1ENRBase>, RCC::RCCAHB1ENRBase, (unsigned int)1>::IsSet<ReadWriteMode, void>()
                         0x800'603d   0x10  Code  Gb  main.o [1]
bool FieldValueBase<RCC_AHB1ENR_GPIOCEN_Values<RCC::AHB1ENR, (unsigned int)2, (unsigned int)1, ReadWriteMode, RCC::RCCAHB1ENRBase>, RCC::RCCAHB1ENRBase, (unsigned int)1>::IsSet<ReadWriteMode, void>()
                         0x800'6065   0x10  Code  Gb  main.o [1]
bool FieldValueBase<RCC_CFGR_SWS_Values<RCC::CFGR, (unsigned int)2, (unsigned int)2, ReadMode, RCC::RCCCFGRBase>, RCC::RCCCFGRBase, (unsigned int)0>::IsSet<ReadMode, void>()
                         0x800'4b8d   0x18  Code  Gb  main.o [1]
bool FieldValueBase<RCC_CR_HSIRDY_Values<RCC::CR, (unsigned int)1, (unsigned int)1, ReadMode, RCC::RCCCRBase>, RCC::RCCCRBase, (unsigned int)0>::IsSet<ReadMode, void>()
                         0x800'4b65   0x18  Code  Gb  main.o [1]
bool FieldValueBase<SPI1_CR2_RXNEIE_Values<SPI1::CR2, (unsigned int)6, (unsigned int)1, ReadWriteMode, SPI1::SPI1CR2Base>, SPI1::SPI1CR2Base, (unsigned int)1>::IsSet<ReadWriteMode, void>()
                         0x800'77e5   0x10  Code  Gb  startupF411RE.o [1]
bool FieldValueBase<SPI1_CR2_TXEIE_Values<SPI1::CR2, (unsigned int)7, (unsigned int)1, ReadWriteMode, SPI1::SPI1CR2Base>, SPI1::SPI1CR2Base, (unsigned int)1>::IsSet<ReadWriteMode, void>()
                         0x800'7805   0x10  Code  Gb  startupF411RE.o [1]
bool FieldValueBase<SPI1_SR_BSY_Values<SPI1::SR, (unsigned int)7, (unsigned int)1, ReadMode, SPI1::SPI1SRBase>, SPI1::SPI1SRBase, (unsigned int)0>::IsSet<ReadMode, void>()
                         0x800'6f31   0x18  Code  Gb  startupF411RE.o [1]
bool FieldValueBase<SPI1_SR_RXNE_Values<SPI1::SR, (unsigned int)0, (unsigned int)1, ReadMode, SPI1::SPI1SRBase>, SPI1::SPI1SRBase, (unsigned int)1>::IsSet<ReadMode, void>()
                         0x800'77f5   0x10  Code  Gb  startupF411RE.o [1]
bool FieldValueBase<SPI1_SR_TXE_Values<SPI1::SR, (unsigned int)1, (unsigned int)1, ReadMode, SPI1::SPI1SRBase>, SPI1::SPI1SRBase, (unsigned int)1>::IsSet<ReadMode, void>()
                         0x800'7815   0x10  Code  Gb  startupF411RE.o [1]
bool FieldValueBase<SPI2_CR2_RXNEIE_Values<SPI2::CR2, (unsigned int)6, (unsigned int)1, ReadWriteMode, SPI2::SPI2CR2Base>, SPI2::SPI2CR2Base, (unsigned int)1>::IsSet<ReadWriteMode, void>()
                         0x800'7771   0x10  Code  Gb  startupF411RE.o [1]
bool FieldValueBase<SPI2_CR2_TXEIE_Values<SPI2::CR2, (unsigned int)7, (unsigned int)1, ReadWriteMode, SPI2::SPI2CR2Base>, SPI2::SPI2CR2Base, (unsigned int)1>::IsSet<ReadWriteMode, void>()
                         0x800'7791   0x10  Code  Gb  startupF411RE.o [1]
bool FieldValueBase<SPI2_SR_BSY_Values<SPI2::SR, (unsigned int)7, (unsigned int)1, ReadMode, SPI2::SPI2SRBase>, SPI2::SPI2SRBase, (unsigned int)0>::IsSet<ReadMode, void>()
                         0x800'6e65   0x18  Code  Gb  startupF411RE.o [1]
bool FieldValueBase<SPI2_SR_RXNE_Values<SPI2::SR, (unsigned int)0, (unsigned int)1, ReadMode, SPI2::SPI2SRBase>, SPI2::SPI2SRBase, (unsigned int)1>::IsSet<ReadMode, void>()
                         0x800'7781   0x10  Code  Gb  startupF411RE.o [1]
bool FieldValueBase<SPI2_SR_TXE_Values<SPI2::SR, (unsigned int)1, (unsigned int)1, ReadMode, SPI2::SPI2SRBase>, SPI2::SPI2SRBase, (unsigned int)1>::IsSet<ReadMode, void>()
                         0x800'77a1   0x10  Code  Gb  startupF411RE.o [1]
bool FieldValueBase<USART2_CR1_TE_Values<USART2::CR1, (unsigned int)3, (unsigned int)1, ReadWriteMode, USART2::USART2CR1Base>, USART2::USART2CR1Base, (unsigned int)1>::IsSet<ReadWriteMode, void>()
                         0x800'79a5   0x10  Code  Gb  startupF411RE.o [1]
bool FieldValueBase<USART2_SR_RXNE_Values<USART2::SR, (unsigned int)5, (unsigned int)1, ReadWriteMode, USART2::USART2SRBase>, USART2::USART2SRBase, (unsigned int)1>::IsSet<ReadWriteMode, void>()
                         0x800'7995   0x10  Code  Gb  startupF411RE.o [1]
bool FieldValueBase<USART2_SR_TXE_Values<USART2::SR, (unsigned int)7, (unsigned int)1, ReadMode, USART2::USART2SRBase>, USART2::USART2SRBase, (unsigned int)1>::IsSet<ReadMode, void>()
                         0x800'79b5   0x10  Code  Gb  startupF411RE.o [1]
buttonEventTask         0x2000'18f8  0x25c  Data  Gb  main.o [1]
char * && std::forward<char *>(std::remove_reference<char *>::type &)
                         0x800'64ad    0x2  Code  Gb  main.o [1]
char * std::_Addressof<char>(char &, std::integral_constant<bool, (bool)0>)
                         0x800'5e73    0x2  Code  Gb  main.o [1]
char * std::_Allocate<char>(unsigned int, char *, bool)
                         0x800'64d1   0x1a  Code  Gb  main.o [1]
char * std::addressof<char>(char &)
                         0x800'57db    0xc  Code  Gb  main.o [1]
const std::allocator<char>& && std::forward<const std::allocator<char>&>(std::remove_reference<const std::allocator<char>&>::type &)
                         0x800'611d    0x2  Code  Gb  main.o [1]
dewPoint                0x2000'21d8   0x2c  Data  Gb  main.o [1]
epDisplay               0x2000'2326    0x1  Data  Gb  main.o [1]
event                   0x2000'2204   0x24  Data  Gb  main.o [1]
exit                     0x800'78c5    0x4  Code  Gb  exit.o [2]
fcnDewP()                0x800'4799    0xa  Code  Gb  main.o [1]
fcnHum()                 0x800'478d    0xa  Code  Gb  main.o [1]
fcnPress()               0x800'4781    0xa  Code  Gb  main.o [1]
fcnTemp()                0x800'4775    0xa  Code  Gb  main.o [1]
free                     0x800'648b    0x4  Code  Gb  heaptramp0.o [2]
humidity                0x2000'21ac   0x2c  Data  Gb  main.o [1]
init_mparams             0x800'01b3   0x2c  Code  Lc  dlmalloc.o [2]
init_top                 0x800'01df   0x34  Code  Lc  dlmalloc.o [2]
logf                     0x800'6845         Code  Gb  logf.o [4]
main                     0x800'48c3   0x58  Code  Gb  main.o [1]
measurementTask         0x2000'1690  0x268  Data  Gb  main.o [1]
measurements            0x2000'0004   0x10  Data  Gb  main.o [1]
memchr                   0x800'2501         Code  Gb  memchr.o [5]
mparams                 0x2000'2228   0x18  Data  Lc  dlmalloc.o [2]
next_abi_dtor_rec       0x2000'230c    0x4  Data  Lc  cppinit.o [2]
operator delete (void *)
                         0x800'6349    0xa  Code  Gb  delop_0.o [3]
operator new (unsigned int)
                         0x800'6511   0x24  Code  Gb  newop_0.o [3]
operator new (unsigned int, void *)
                         0x800'6535    0x4  Code  Gb  main.o [1]
pcInterruptPriorityRegisters
                         0x800'7c14    0x4  Data  Lc  port.o [1]
pressure                0x2000'2180   0x2c  Data  Gb  main.o [1]
prvAddCurrentTaskToDelayedList
                         0x800'37fd   0x82  Code  Lc  tasks.o [1]
prvAddNewTaskToReadyList
                         0x800'3077   0x9a  Code  Lc  tasks.o [1]
prvCheckForValidListAndQueue
                         0x800'3e75   0x4c  Code  Lc  timers.o [1]
[...]
                         0x800'4fbd   0x14  Code  Gb  main.o [1]
void FieldValueBase<SPI1_CR1_SSI_Values<SPI1::CR1, (unsigned int)8, (unsigned int)1, ReadWriteMode, SPI1::SPI1CR1Base>, SPI1::SPI1CR1Base, (unsigned int)1>::Set<ReadWriteMode, void>()
                         0x800'4ee5   0x14  Code  Gb  main.o [1]
void FieldValueBase<SPI1_CR1_SSM_Values<SPI1::CR1, (unsigned int)9, (unsigned int)1, ReadWriteMode, SPI1::SPI1CR1Base>, SPI1::SPI1CR1Base, (unsigned int)1>::Set<ReadWriteMode, void>()
                         0x800'4ed1   0x14  Code  Gb  main.o [1]
void FieldValueBase<SPI1_CR2_RXNEIE_Values<SPI1::CR2, (unsigned int)6, (unsigned int)1, ReadWriteMode, SPI1::SPI1CR2Base>, SPI1::SPI1CR2Base, (unsigned int)0>::Set<ReadWriteMode, void>()
                         0x800'73d9   0x10  Code  Gb  startupF411RE.o [1]
void FieldValueBase<SPI1_CR2_RXNEIE_Values<SPI1::CR2, (unsigned int)6, (unsigned int)1, ReadWriteMode, SPI1::SPI1CR2Base>, SPI1::SPI1CR2Base, (unsigned int)1>::Set<ReadWriteMode, void>()
                         0x800'6315   0x14  Code  Gb  main.o [1]
void FieldValueBase<SPI1_CR2_SSOE_Values<SPI1::CR2, (unsigned int)2, (unsigned int)1, ReadWriteMode, SPI1::SPI1CR2Base>, SPI1::SPI1CR2Base, (unsigned int)1>::Set<ReadWriteMode, void>()
                         0x800'4ebd   0x14  Code  Gb  main.o [1]
void FieldValueBase<SPI1_CR2_TXEIE_Values<SPI1::CR2, (unsigned int)7, (unsigned int)1, ReadWriteMode, SPI1::SPI1CR2Base>, SPI1::SPI1CR2Base, (unsigned int)0>::Set<ReadWriteMode, void>()
                         0x800'6f21   0x10  Code  Gb  startupF411RE.o [1]
void FieldValueBase<SPI1_CR2_TXEIE_Values<SPI1::CR2, (unsigned int)7, (unsigned int)1, ReadWriteMode, SPI1::SPI1CR2Base>, SPI1::SPI1CR2Base, (unsigned int)1>::Set<ReadWriteMode, void>()
                         0x800'6329   0x14  Code  Gb  main.o [1]
void FieldValueBase<SPI2_CR1_BR_Values<SPI2::CR1, (unsigned int)3, (unsigned int)3, ReadWriteMode, SPI2::SPI2CR1Base>, SPI2::SPI2CR1Base, (unsigned int)0>::Set<ReadWriteMode, void>()
                         0x800'4d31   0x10  Code  Gb  main.o [1]
void FieldValueBase<SPI2_CR1_CPHA_Values<SPI2::CR1, (unsigned int)0, (unsigned int)1, ReadWriteMode, SPI2::SPI2CR1Base>, SPI2::SPI2CR1Base, (unsigned int)1>::Set<ReadWriteMode, void>()
                         0x800'4d65   0x14  Code  Gb  main.o [1]
void FieldValueBase<SPI2_CR1_CPOL_Values<SPI2::CR1, (unsigned int)1, (unsigned int)1, ReadWriteMode, SPI2::SPI2CR1Base>, SPI2::SPI2CR1Base, (unsigned int)1>::Set<ReadWriteMode, void>()
                         0x800'4d51   0x14  Code  Gb  main.o [1]
void FieldValueBase<SPI2_CR1_CRCEN_Values<SPI2::CR1, (unsigned int)13, (unsigned int)1, ReadWriteMode, SPI2::SPI2CR1Base>, SPI2::SPI2CR1Base, (unsigned int)0>::Set<ReadWriteMode, void>()
                         0x800'4d41   0x10  Code  Gb  main.o [1]
void FieldValueBase<SPI2_CR1_DFF_Values<SPI2::CR1, (unsigned int)11, (unsigned int)1, ReadWriteMode, SPI2::SPI2CR1Base>, SPI2::SPI2CR1Base, (unsigned int)0>::Set<ReadWriteMode, void>()
                         0x800'4d21   0x10  Code  Gb  main.o [1]
void FieldValueBase<SPI2_CR1_LSBFIRST_Values<SPI2::CR1, (unsigned int)7, (unsigned int)1, ReadWriteMode, SPI2::SPI2CR1Base>, SPI2::SPI2CR1Base, (unsigned int)0>::Set<ReadWriteMode, void>()
                         0x800'4d79   0x10  Code  Gb  main.o [1]
void FieldValueBase<SPI2_CR1_MSTR_Values<SPI2::CR1, (unsigned int)2, (unsigned int)1, ReadWriteMode, SPI2::SPI2CR1Base>, SPI2::SPI2CR1Base, (unsigned int)1>::Set<ReadWriteMode, void>()
                         0x800'4d0d   0x14  Code  Gb  main.o [1]
void FieldValueBase<SPI2_CR1_SPE_Values<SPI2::CR1, (unsigned int)6, (unsigned int)1, ReadWriteMode, SPI2::SPI2CR1Base>, SPI2::SPI2CR1Base, (unsigned int)1>::Set<ReadWriteMode, void>()
                         0x800'4fa9   0x14  Code  Gb  main.o [1]
void FieldValueBase<SPI2_CR1_SSI_Values<SPI2::CR1, (unsigned int)8, (unsigned int)1, ReadWriteMode, SPI2::SPI2CR1Base>, SPI2::SPI2CR1Base, (unsigned int)1>::Set<ReadWriteMode, void>()
                         0x800'4db1   0x14  Code  Gb  main.o [1]
void FieldValueBase<SPI2_CR1_SSM_Values<SPI2::CR1, (unsigned int)9, (unsigned int)1, ReadWriteMode, SPI2::SPI2CR1Base>, SPI2::SPI2CR1Base, (unsigned int)1>::Set<ReadWriteMode, void>()
                         0x800'4d9d   0x14  Code  Gb  main.o [1]
void FieldValueBase<SPI2_CR2_RXNEIE_Values<SPI2::CR2, (unsigned int)6, (unsigned int)1, ReadWriteMode, SPI2::SPI2CR2Base>, SPI2::SPI2CR2Base, (unsigned int)0>::Set<ReadWriteMode, void>()
                         0x800'734d   0x10  Code  Gb  startupF411RE.o [1]
void FieldValueBase<SPI2_CR2_RXNEIE_Values<SPI2::CR2, (unsigned int)6, (unsigned int)1, ReadWriteMode, SPI2::SPI2CR2Base>, SPI2::SPI2CR2Base, (unsigned int)1>::Set<ReadWriteMode, void>()
                         0x800'62c5   0x14  Code  Gb  main.o [1]
void FieldValueBase<SPI2_CR2_SSOE_Values<SPI2::CR2, (unsigned int)2, (unsigned int)1, ReadWriteMode, SPI2::SPI2CR2Base>, SPI2::SPI2CR2Base, (unsigned int)1>::Set<ReadWriteMode, void>()
                         0x800'4d89   0x14  Code  Gb  main.o [1]
void FieldValueBase<SPI2_CR2_TXEIE_Values<SPI2::CR2, (unsigned int)7, (unsigned int)1, ReadWriteMode, SPI2::SPI2CR2Base>, SPI2::SPI2CR2Base, (unsigned int)0>::Set<ReadWriteMode, void>()
                         0x800'6e55   0x10  Code  Gb  startupF411RE.o [1]
void FieldValueBase<SPI2_CR2_TXEIE_Values<SPI2::CR2, (unsigned int)7, (unsigned int)1, ReadWriteMode, SPI2::SPI2CR2Base>, SPI2::SPI2CR2Base, (unsigned int)1>::Set<ReadWriteMode, void>()
                         0x800'62d9   0x14  Code  Gb  main.o [1]
void FieldValueBase<USART2_CR1_M_Values<USART2::CR1, (unsigned int)12, (unsigned int)1, ReadWriteMode, USART2::USART2CR1Base>, USART2::USART2CR1Base, (unsigned int)0>::Set<ReadWriteMode, void>()
                         0x800'4c51   0x10  Code  Gb  main.o [1]
void FieldValueBase<USART2_CR1_OVER8_Values<USART2::CR1, (unsigned int)15, (unsigned int)1, ReadWriteMode, USART2::USART2CR1Base>, USART2::USART2CR1Base, (unsigned int)0>::Set<ReadWriteMode, void>()
                         0x800'4c41   0x10  Code  Gb  main.o [1]
void FieldValueBase<USART2_CR1_PCE_Values<USART2::CR1, (unsigned int)10, (unsigned int)1, ReadWriteMode, USART2::USART2CR1Base>, USART2::USART2CR1Base, (unsigned int)0>::Set<ReadWriteMode, void>()
                         0x800'4c71   0x10  Code  Gb  main.o [1]
void FieldValueBase<USART2_CR1_RE_Values<USART2::CR1, (unsigned int)2, (unsigned int)1, ReadWriteMode, USART2::USART2CR1Base>, USART2::USART2CR1Base, (unsigned int)1>::Set<ReadWriteMode, void>()
                         0x800'4c81   0x14  Code  Gb  main.o [1]
void FieldValueBase<USART2_CR1_RXNEIE_Values<USART2::CR1, (unsigned int)5, (unsigned int)1, ReadWriteMode, USART2::USART2CR1Base>, USART2::USART2CR1Base, (unsigned int)1>::Set<ReadWriteMode, void>()
                         0x800'4ca1   0x14  Code  Gb  main.o [1]
void FieldValueBase<USART2_CR1_TE_Values<USART2::CR1, (unsigned int)3, (unsigned int)1, ReadWriteMode, USART2::USART2CR1Base>, USART2::USART2CR1Base, (unsigned int)0>::Set<ReadWriteMode, void>()
                         0x800'744d   0x10  Code  Gb  startupF411RE.o [1]
void FieldValueBase<USART2_CR1_TE_Values<USART2::CR1, (unsigned int)3, (unsigned int)1, ReadWriteMode, USART2::USART2CR1Base>, USART2::USART2CR1Base, (unsigned int)1>::Set<ReadWriteMode, void>()
                         0x800'6b9d   0x14  Code  Gb  main.o [1]
void FieldValueBase<USART2_CR1_TXEIE_Values<USART2::CR1, (unsigned int)7, (unsigned int)1, ReadWriteMode, USART2::USART2CR1Base>, USART2::USART2CR1Base, (unsigned int)0>::Set<ReadWriteMode, void>()
                         0x800'745d   0x10  Code  Gb  startupF411RE.o [1]
void FieldValueBase<USART2_CR1_TXEIE_Values<USART2::CR1, (unsigned int)7, (unsigned int)1, ReadWriteMode, USART2::USART2CR1Base>, USART2::USART2CR1Base, (unsigned int)1>::Set<ReadWriteMode, void>()
                         0x800'6bb1   0x14  Code  Gb  main.o [1]
void FieldValueBase<USART2_CR1_UE_Values<USART2::CR1, (unsigned int)13, (unsigned int)1, ReadWriteMode, USART2::USART2CR1Base>, USART2::USART2CR1Base, (unsigned int)1>::Set<ReadWriteMode, void>()
                         0x800'4f95   0x14  Code  Gb  main.o [1]
void FieldValueBase<USART2_CR2_STOP_Values<USART2::CR2, (unsigned int)12, (unsigned int)2, ReadWriteMode, USART2::USART2CR2Base>, USART2::USART2CR2Base, (unsigned int)0>::Set<ReadWriteMode, void>()
                         0x800'4c61   0x10  Code  Gb  main.o [1]
void OsWrapper::Rtos::CreateThread<BluetoothTask>(BluetoothTask &, char const *, OsWrapper::ThreadPriority)
                         0x800'51df   0x24  Code  Gb  main.o [1]
void OsWrapper::Rtos::CreateThread<ButtonEventTask<Button<Pin<Port<GPIOC>, (unsigned char)13>>, event>>(ButtonEventTask<Button<Pin<Port<GPIOC>, (unsigned char)13>>, event> &, char const *, OsWrapper::ThreadPriority)
                         0x800'5203   0x22  Code  Gb  main.o [1]
void OsWrapper::Rtos::CreateThread<MeasurementTask>(MeasurementTask &, char const *, OsWrapper::ThreadPriority)
                         0x800'51bd   0x22  Code  Gb  main.o [1]
void OsWrapper::RtosWrapper::wCreateThread<OsWrapper::Rtos, BluetoothTask>(BluetoothTask &, char const *, OsWrapper::ThreadPriority, unsigned short, unsigned int *)
                         0x800'5705   0x38  Code  Gb  main.o [1]
void OsWrapper::RtosWrapper::wCreateThread<OsWrapper::Rtos, ButtonEventTask<Button<Pin<Port<GPIOC>, (unsigned char)13>>, event>>(ButtonEventTask<Button<Pin<Port<GPIOC>, (unsigned char)13>>, event> &, char const *, OsWrapper::ThreadPriority, unsigned short, unsigned int *)
                         0x800'573d   0x38  Code  Gb  main.o [1]
void OsWrapper::RtosWrapper::wCreateThread<OsWrapper::Rtos, MeasurementTask>(MeasurementTask &, char const *, OsWrapper::ThreadPriority, unsigned short, unsigned int *)
                         0x800'56c9   0x38  Code  Gb  main.o [1]
void Register<(unsigned int)1073873920, (unsigned int)32, ReadWriteMode, GPIOB::GPIOBMODERBase, FieldValue<GPIOB_MODER_MODER15_Values<GPIOB::MODER, (unsigned int)6, (unsigned int)2, ReadWriteMode, GPIOB::GPIOBMODERBase>, GPIOB::GPIOBMODERBase, (unsigned int)2, void>, FieldValue<GPIOB_MODER_MODER15_Values<GPIOB::MODER, (unsigned int)8, (unsigned int)2, ReadWriteMode, GPIOB::GPIOBMODERBase>, GPIOB::GPIOBMODERBase, (unsigned int)2, void>, FieldValue<GPIOB_MODER_MODER15_Values<GPIOB::MODER, (unsigned int)10, (unsigned int)2, ReadWriteMode, GPIOB::GPIOBMODERBase>, GPIOB::GPIOBMODERBase, (unsigned int)2, void>>::Set<ReadWriteMode, void>()
                         0x800'4ef9   0x14  Code  Gb  main.o [1]
void Register<(unsigned int)1073873952, (unsigned int)32, ReadWriteMode, GPIOB::GPIOBAFRLBase, FieldValue<GPIOB_AFRL_AFRL7_Values<GPIOB::AFRL, (unsigned int)12, (unsigned int)4, ReadWriteMode, GPIOB::GPIOBAFRLBase>, GPIOB::GPIOBAFRLBase, (unsigned int)5, void>, FieldValue<GPIOB_AFRL_AFRL7_Values<GPIOB::AFRL, (unsigned int)16, (unsigned int)4, ReadWriteMode, GPIOB::GPIOBAFRLBase>, GPIOB::GPIOBAFRLBase, (unsigned int)5, void>, FieldValue<GPIOB_AFRL_AFRL7_Values<GPIOB::AFRL, (unsigned int)20, (unsigned int)4, ReadWriteMode, GPIOB::GPIOBAFRLBase>, GPIOB::GPIOBAFRLBase, (unsigned int)5, void>>::Set<ReadWriteMode, void>()
                         0x800'4f0d   0x18  Code  Gb  main.o [1]
void Register<(unsigned int)1073874944, (unsigned int)32, ReadWriteMode, GPIOC::GPIOCMODERBase, FieldValue<GPIOC_MODER_MODER15_Values<GPIOC::MODER, (unsigned int)4, (unsigned int)2, ReadWriteMode, GPIOC::GPIOCMODERBase>, GPIOC::GPIOCMODERBase, (unsigned int)2, void>, FieldValue<GPIOC_MODER_MODER15_Values<GPIOC::MODER, (unsigned int)6, (unsigned int)2, ReadWriteMode, GPIOC::GPIOCMODERBase>, GPIOC::GPIOCMODERBase, (unsigned int)2, void>, FieldValue<GPIOC_MODER_MODER15_Values<GPIOC::MODER, (unsigned int)14, (unsigned int)2, ReadWriteMode, GPIOC::GPIOCMODERBase>, GPIOC::GPIOCMODERBase, (unsigned int)2, void>>::Set<ReadWriteMode, void>()
                         0x800'4dd9   0x1c  Code  Gb  main.o [1]
void Register<(unsigned int)1073874976, (unsigned int)32, ReadWriteMode, GPIOC::GPIOCAFRLBase, FieldValue<GPIOC_AFRL_AFRL7_Values<GPIOC::AFRL, (unsigned int)8, (unsigned int)4, ReadWriteMode, GPIOC::GPIOCAFRLBase>, GPIOC::GPIOCAFRLBase, (unsigned int)5, void>, FieldValue<GPIOC_AFRL_AFRL7_Values<GPIOC::AFRL, (unsigned int)12, (unsigned int)4, ReadWriteMode, GPIOC::GPIOCAFRLBase>, GPIOC::GPIOCAFRLBase, (unsigned int)5, void>, FieldValue<GPIOC_AFRL_AFRL7_Values<GPIOC::AFRL, (unsigned int)28, (unsigned int)4, ReadWriteMode, GPIOC::GPIOCAFRLBase>, GPIOC::GPIOCAFRLBase, (unsigned int)5, void>>::Set<ReadWriteMode, void>()
                         0x800'4df5   0x1c  Code  Gb  main.o [1]
void Register<(unsigned int)1073887280, (unsigned int)32, ReadWriteMode, RCC::RCCAHB1ENRBase, FieldValue<RCC_AHB1ENR_GPIOCEN_Values<RCC::AHB1ENR, (unsigned int)2, (unsigned int)1, ReadWriteMode, RCC::RCCAHB1ENRBase>, RCC::RCCAHB1ENRBase, (unsigned int)1, void>, FieldValue<RCC_AHB1ENR_GPIOBEN_Values<RCC::AHB1ENR, (unsigned int)1, (unsigned int)1, ReadWriteMode, RCC::RCCAHB1ENRBase>, RCC::RCCAHB1ENRBase, (unsigned int)1, void>, FieldValue<RCC_AHB1ENR_GPIOAEN_Values<RCC::AHB1ENR, (unsigned int)0, (unsigned int)1, ReadWriteMode, RCC::RCCAHB1ENRBase>, RCC::RCCAHB1ENRBase, (unsigned int)1, void>>::Set<ReadWriteMode, void>()
                         0x800'4dc5   0x14  Code  Gb  main.o [1]
void RegisterBase<(unsigned int)1073756172, (unsigned int)32, ReadWriteMode>::Write<ReadWriteMode, void>(unsigned int)
                         0x800'6e49    0xc  Code  Gb  startupF411RE.o [1]
void RegisterBase<(unsigned int)1073759236, (unsigned int)32, ReadWriteMode>::Write<ReadWriteMode, void>(unsigned int)
                         0x800'6bc5    0xc  Code  Gb  startupF411RE.o [1]
void RegisterBase<(unsigned int)1073819660, (unsigned int)32, ReadWriteMode>::Write<ReadWriteMode, void>(unsigned int)
                         0x800'6f15    0xc  Code  Gb  startupF411RE.o [1]
void RegisterBase<(unsigned int)1073872896, (unsigned int)32, ReadWriteMode>::Write<ReadWriteMode, void>(unsigned int)
                         0x800'6059    0xc  Code  Gb  main.o [1]
void RegisterBase<(unsigned int)1073872916, (unsigned int)32, ReadWriteMode>::Toggle<ReadWriteMode, void>(unsigned int)
                         0x800'6be1   0x10  Code  Gb  main.o [1]
void RegisterBase<(unsigned int)1073873944, (unsigned int)32, WriteMode>::Write<WriteMode, void>(unsigned int)
                         0x800'4f39    0xc  Code  Gb  main.o [1]
void RegisterBase<(unsigned int)1073874944, (unsigned int)32, ReadWriteMode>::Write<ReadWriteMode, void>(unsigned int)
                         0x800'6095    0xc  Code  Gb  main.o [1]
void RegisterBase<(unsigned int)1073874964, (unsigned int)32, ReadWriteMode>::Toggle<ReadWriteMode, void>(unsigned int)
                         0x800'76f5   0x10  Code  Gb  main.o [1]
void RegisterBase<(unsigned int)1073874968, (unsigned int)32, WriteMode>::Write<WriteMode, void>(unsigned int)
                         0x800'4e25    0xc  Code  Gb  main.o [1]
void RegisterBase<(unsigned int)3758153988, (unsigned int)32, ReadWriteMode>::Write<ReadWriteMode, void>(unsigned int)
                         0x800'4c95    0xc  Code  Gb  main.o [1]
void RegisterField<USART2::BRR, (unsigned int)4, (unsigned int)12, ReadWriteMode, void>::Set<ReadWriteMode, void>(unsigned int)
                         0x800'4cc5   0x34  Code  Gb  main.o [1]
void RegisterField<USART2::BRR, (unsigned int)4, (unsigned int)12, ReadWriteMode, void>::Set<ReadWriteMode, void>(unsigned int)::string
                         0x800'6bf0   0x9c  Data  Gb  main.o [1]
void RegisterField<USART2::BRR, (unsigned int)4, (unsigned int)12, ReadWriteMode, void>::Set<ReadWriteMode, void>(unsigned int)::string (instance 2)
                         0x800'6f48   0x74  Data  Gb  main.o [1]
void std::_Deallocate<char>(char *, unsigned int)
                         0x800'6139    0xe  Code  Gb  main.o [1]
void std::_Wrap_alloc<std::allocator<char>>::construct<char *, char *>(char * *, char * &&...)
                         0x800'6371   0x1a  Code  Gb  main.o [1]
void std::_Wrap_alloc<std::allocator<char>>::destroy<char *>(char * *)
                         0x800'57cb   0x10  Code  Gb  main.o [1]
void std::allocator<char>::construct<char *, char *>(char * *, char * &&...)
                         0x800'64eb   0x26  Code  Gb  main.o [1]
void std::allocator<char>::destroy<char *>(char * *)
                         0x800'6137    0x2  Code  Gb  main.o [1]
void std::allocator_traits<std::allocator<char>>::construct<char *, char *>(std::allocator<char>&, char * *, char * &&...)
                         0x800'64af   0x1a  Code  Gb  main.o [1]
void std::allocator_traits<std::allocator<char>>::destroy<char *>(std::allocator<char>&, char * *)
                         0x800'5e63   0x10  Code  Gb  main.o [1]
xActiveTimerList1       0x2000'2290   0x14  Data  Lc  timers.o [1]
xActiveTimerList2       0x2000'22a4   0x14  Data  Lc  timers.o [1]
xDelayedTaskList1       0x2000'2240   0x14  Data  Lc  tasks.o [1]
xDelayedTaskList2       0x2000'2254   0x14  Data  Lc  tasks.o [1]
xEventGroupCreateStatic
                         0x800'59c5   0x18  Code  Gb  event_groups.o [1]
xEventGroupSetBits       0x800'5ad1   0xac  Code  Gb  event_groups.o [1]
xEventGroupWaitBits      0x800'59dd   0xee  Code  Gb  event_groups.o [1]
xIdleTaskHandle         0x2000'22f0    0x4  Data  Lc  tasks.o [1]
xNextTaskUnblockTime    0x2000'22ec    0x4  Data  Lc  tasks.o [1]
xNumOfOverflows         0x2000'22e4    0x4  Data  Lc  tasks.o [1]
xPendingReadyList       0x2000'2268   0x14  Data  Lc  tasks.o [1]
xPortPendSVHandler       0x800'3f1d         Code  Gb  portasm.o [1]
xPortStartScheduler      0x800'39b9   0x88  Code  Gb  port.o [1]
xPortSysTickHandler      0x800'3a79   0x28  Code  Gb  port.o [1]
xQueueGenericCreateStatic
                         0x800'4045   0x4c  Code  Gb  queue.o [1]
xQueueGenericReceive     0x800'42c3  0x194  Code  Gb  queue.o [1]
xQueueGenericReset       0x800'3fc5   0x80  Code  Gb  queue.o [1]
xQueueGenericSend        0x800'40c3  0x15a  Code  Gb  queue.o [1]
xQueueGenericSendFromISR
                         0x800'421d   0xa6  Code  Gb  queue.o [1]
xQueueRegistry          0x2000'2140   0x40  Data  Gb  queue.o [1]
xSchedulerRunning       0x2000'22d8    0x4  Data  Lc  tasks.o [1]
xSuspendedTaskList      0x2000'227c   0x14  Data  Lc  tasks.o [1]
xTaskCheckForTimeOut     0x800'356f   0x5a  Code  Gb  tasks.o [1]
xTaskCreateStatic        0x800'2f79   0x50  Code  Gb  tasks.o [1]
xTaskGetSchedulerState   0x800'3659   0x1e  Code  Gb  tasks.o [1]
xTaskGetTickCount        0x800'32af    0x8  Code  Gb  tasks.o [1]
xTaskIncrementTick       0x800'32b7  0x100  Code  Gb  tasks.o [1]
xTaskPriorityDisinherit
                         0x800'3711   0x82  Code  Gb  tasks.o [1]
xTaskRemoveFromEventList
                         0x800'348b   0x70  Code  Gb  tasks.o [1]
xTaskRemoveFromUnorderedEventList
                         0x800'34fb   0x62  Code  Gb  tasks.o [1]
xTaskResumeAll           0x800'31db   0xd4  Code  Gb  tasks.o [1]
xTickCount              0x2000'22d0    0x4  Data  Lc  tasks.o [1]
xTimerCreateTimerTask    0x800'3b09   0x58  Code  Gb  timers.o [1]
xTimerGenericCommand     0x800'3b61   0x6e  Code  Gb  timers.o [1]
xTimerPendFunctionCallFromISR
                         0x800'3ec1   0x2a  Code  Gb  timers.o [1]
xTimerQueue             0x2000'2300    0x4  Data  Lc  timers.o [1]
xTimerTaskHandle        0x2000'2304    0x4  Data  Lc  timers.o [1]
xYieldPending           0x2000'22e0    0x4  Data  Lc  tasks.o [1]


[1] = C:\Users\Николаос\Documents\MyIARprojects\KursovoiK_\RtosWrapper\Debug\Obj
[2] = dl7M_tln.a
[3] = dlpp7M_tl_nc.a
[4] = m7M_tls.a
[5] = rt7M_tl.a
[6] = shb_l.a

  30'032 bytes of readonly  code memory
   1'799 bytes of readonly  data memory
  13'539 bytes of readwrite data memory

Errors: none
Warnings: none
