###############################################################################
#
# IAR ANSI C/C++ Compiler V8.40.2.214/W32 for ARM         20/Apr/2021  18:22:05
# Copyright 1999-2019 IAR Systems AB.
#
#    Cpu mode     =  
#    Endian       =  little
#    Source file  =
#        C:\Users\@@@@@@@@\Documents\MyIARprojects\KursovoiK_\RtosWrapper\AHardware\IrqController\irqcontroller.cpp
#    Command line =
#        -f C:\Users\D13C~1\AppData\Local\Temp\EW6E84.tmp
#        (C:\Users\@@@@@@@@\Documents\MyIARprojects\KursovoiK_\RtosWrapper\AHardware\IrqController\irqcontroller.cpp
#        -lC
#        C:\Users\@@@@@@@@\Documents\MyIARprojects\KursovoiK_\RtosWrapper\Debug\List
#        -lA
#        C:\Users\@@@@@@@@\Documents\MyIARprojects\KursovoiK_\RtosWrapper\Debug\List
#        -o
#        C:\Users\@@@@@@@@\Documents\MyIARprojects\KursovoiK_\RtosWrapper\Debug\Obj
#        --no_cse --no_unroll --no_inline --no_code_motion --no_tbaa
#        --no_clustering --no_scheduling --debug --endian=little
#        --cpu=Cortex-M4 -e --fpu=VFPv4_sp --dlib_config "C:\Program Files
#        (x86)\IAR Systems\Embedded Workbench
#        8.3\arm\inc\c\DLib_Config_Normal.h" -I
#        C:\Users\@@@@@@@@\Documents\MyIARprojects\KursovoiK_\RtosWrapper\Rtos\
#        -I
#        C:\Users\@@@@@@@@\Documents\MyIARprojects\KursovoiK_\RtosWrapper\Rtos\wrapper\
#        -I
#        C:\Users\@@@@@@@@\Documents\MyIARprojects\KursovoiK_\RtosWrapper\Rtos\wrapper\FreeRtos\
#        -I
#        C:\Users\@@@@@@@@\Documents\MyIARprojects\KursovoiK_\RtosWrapper\Rtos\FreeRtos\
#        -I
#        C:\Users\@@@@@@@@\Documents\MyIARprojects\KursovoiK_\RtosWrapper\Rtos\FreeRtos\include\
#        -I
#        C:\Users\@@@@@@@@\Documents\MyIARprojects\KursovoiK_\RtosWrapper\Rtos\FreeRtos\portable\
#        -I
#        C:\Users\@@@@@@@@\Documents\MyIARprojects\KursovoiK_\RtosWrapper\Rtos\FreeRtos\portable\Common\
#        -I
#        C:\Users\@@@@@@@@\Documents\MyIARprojects\KursovoiK_\RtosWrapper\Rtos\FreeRtos\portable\IAR\
#        -I
#        C:\Users\@@@@@@@@\Documents\MyIARprojects\KursovoiK_\RtosWrapper\Rtos\FreeRtos\portable\IAR\ARM_CM4F\
#        -I
#        C:\Users\@@@@@@@@\Documents\MyIARprojects\KursovoiK_\RtosWrapper\Rtos\FreeRtos\portable\MemMang\
#        -I
#        C:\Users\@@@@@@@@\Documents\MyIARprojects\KursovoiK_\RtosWrapper\MyTasks\
#        -I
#        C:\Users\@@@@@@@@\Documents\MyIARprojects\KursovoiK_\RtosWrapper\Common\
#        -I
#        C:\Users\@@@@@@@@\Documents\MyIARprojects\KursovoiK_\RtosWrapper\CMSIS\
#        -I
#        C:\Users\@@@@@@@@\Documents\MyIARprojects\KursovoiK_\RtosWrapper\Application\
#        -I
#        C:\Users\@@@@@@@@\Documents\MyIARprojects\KursovoiK_\RtosWrapper\Application\Diagnostic\
#        -I
#        C:\Users\@@@@@@@@\Documents\MyIARprojects\KursovoiK_\RtosWrapper\AHardware\
#        -I
#        C:\Users\@@@@@@@@\Documents\MyIARprojects\KursovoiK_\RtosWrapper\AHardware\GpioPort\
#        -I
#        C:\Users\@@@@@@@@\Documents\MyIARprojects\KursovoiK_\RtosWrapper\AHardware\IrqController\
#        -I
#        C:\Users\@@@@@@@@\Documents\MyIARprojects\KursovoiK_\RtosWrapper\..\CortexLib\AbstractHardware\Pin\
#        -I
#        C:\Users\@@@@@@@@\Documents\MyIARprojects\KursovoiK_\RtosWrapper\..\CortexLib\AbstractHardware\Registers\STM32F411\FieldValues\
#        -I
#        C:\Users\@@@@@@@@\Documents\MyIARprojects\KursovoiK_\RtosWrapper\..\CortexLib\AbstractHardware\Registers\STM32F411\
#        -I
#        C:\Users\@@@@@@@@\Documents\MyIARprojects\KursovoiK_\RtosWrapper\..\CortexLib\AbstractHardware\Registers\
#        -I
#        C:\Users\@@@@@@@@\Documents\MyIARprojects\KursovoiK_\RtosWrapper\..\CortexLib\AbstractHardware\Port\
#        -I
#        C:\Users\@@@@@@@@\Documents\MyIARprojects\KursovoiK_\RtosWrapper\..\CortexLib\AbstractHardware\Atomic\
#        -I
#        C:\Users\@@@@@@@@\Documents\MyIARprojects\KursovoiK_\RtosWrapper\..\CortexLib\Common\
#        -I
#        C:\Users\@@@@@@@@\Documents\MyIARprojects\KursovoiK_\RtosWrapper\..\CortexLib\Common\Singleton\
#        -I
#        C:\Users\@@@@@@@@\Documents\MyIARprojects\KursovoiK_\RtosWrapper\..\CortexLib\Common\RomObject\
#        -I
#        C:\Users\@@@@@@@@\Documents\MyIARprojects\KursovoiK_\RtosWrapper\AHardware\Port\
#        -I
#        C:\Users\@@@@@@@@\Documents\MyIARprojects\KursovoiK_\RtosWrapper\AHardware\Pin\
#        -I
#        C:\Users\@@@@@@@@\Documents\MyIARprojects\KursovoiK_\RtosWrapper\Application\Button\
#        -I
#        C:\Users\@@@@@@@@\Documents\MyIARprojects\KursovoiK_\RtosWrapper\Application\Led\
#        -I
#        C:\Users\@@@@@@@@\Documents\MyIARprojects\KursovoiK_\RtosWrapper\Application\Measurement\
#        -I
#        C:\Users\@@@@@@@@\Documents\MyIARprojects\KursovoiK_\RtosWrapper\AHardware\USART\
#        -I
#        C:\Users\@@@@@@@@\Documents\MyIARprojects\KursovoiK_\RtosWrapper\..\CortexLib\AbstractHardware\Registers\CortexM4\
#        -I
#        C:\Users\@@@@@@@@\Documents\MyIARprojects\KursovoiK_\RtosWrapper\..\CortexLib\AbstractHardware\Registers\CortexM4\FieldValues\
#        -I
#        C:\Users\@@@@@@@@\Documents\MyIARprojects\KursovoiK_\RtosWrapper\AHardware\SPI\
#        -I
#        C:\Users\@@@@@@@@\Documents\MyIARprojects\KursovoiK_\RtosWrapper\AHardware\BME280Driver\
#        -I
#        C:\Users\@@@@@@@@\Documents\MyIARprojects\KursovoiK_\RtosWrapper\AHardware\EPDDriver\
#        -On --c++ --no_exceptions --no_rtti)
#    Locale       =  C
#    List file    =
#        C:\Users\@@@@@@@@\Documents\MyIARprojects\KursovoiK_\RtosWrapper\Debug\List\irqcontroller.lst
#    Object file  =
#        C:\Users\@@@@@@@@\Documents\MyIARprojects\KursovoiK_\RtosWrapper\Debug\Obj\irqcontroller.o
#
###############################################################################

C:\Users\@@@@@@@@\Documents\MyIARprojects\KursovoiK_\RtosWrapper\AHardware\IrqController\irqcontroller.cpp
      1          //
Warning[Ms014]: some characters could not be correctly encoded in
          "C:\Users\@@@@@@@@\Documents\MyIARprojects\KursovoiK_\RtosWrapper\De
          bug\List\irqcontroller.s", and have been replaced with '@'. The first
          such character has unicode code point 0x41d ("@")
      2          // Created by Sergey on 27.08.2018.
      3          //
      4          #include "irqcontroller.hpp"
      5          //#include "../../Application/userbutton.hpp"
      6          

   \                                 In section .text, align 2, keep-with-next
      7          void IrqController::HandleIrqExtiLine15_10()
      8          {
      9            //EXTI->PR = EXTI_PR_PR13 ;
     10            //UserButton::GetInstance().HandleInterrupt();
     11          }
   \                     _ZN13IrqController22HandleIrqExtiLine15_10Ev: (+1)
   \        0x0   0x4770             BX       LR               ;; return

   Maximum stack usage in bytes:

   .cstack Function
   ------- --------
       0   IrqController::HandleIrqExtiLine15_10()


   Section sizes:

   Bytes  Function/Label
   -----  --------------
       2  IrqController::HandleIrqExtiLine15_10()

 
 2 bytes in section .text
 
 2 bytes of CODE memory

Errors: none
Warnings: 1
